path:./subject10/bare/class1/r0 depth:sk_depth:48:88 label:1 
path:./subject10/bare/class1/r1 depth:sk_depth:25:63 label:1
path:./subject10/bare/class1/r2 depth:sk_depth:21:61 label:1
path:./subject10/bare/class1/r3 depth:sk_depth:23:60 label:1
path:./subject10/bare/class1/r4 depth:sk_depth:25:65 label:1
path:./subject10/bare/class2/r0 depth:sk_depth:30:78 label:2
path:./subject10/bare/class2/r1 depth:sk_depth:24:78 label:2
path:./subject10/bare/class2/r2 depth:sk_depth:32:79 label:2
path:./subject10/bare/class2/r3 depth:sk_depth:35:81 label:2
path:./subject10/bare/class2/r4 depth:sk_depth:24:74 label:2
path:./subject10/bare/class3/r0 depth:sk_depth:25:65 label:3
path:./subject10/bare/class3/r1 depth:sk_depth:24:70 label:3
path:./subject10/bare/class3/r2 depth:sk_depth:27:82 label:3
path:./subject10/bare/class3/r3 depth:sk_depth:22:66 label:3
path:./subject10/bare/class3/r4 depth:sk_depth:19:64 label:3
path:./subject10/bare/class4/r0 depth:sk_depth:31:71 label:4
path:./subject10/bare/class4/r1 depth:sk_depth:25:69 label:4
path:./subject10/bare/class4/r2 depth:sk_depth:27:58 label:4
path:./subject10/bare/class4/r3 depth:sk_depth:25:57 label:4
path:./subject10/bare/class4/r4 depth:sk_depth:20:60 label:4
path:./subject10/bare/class5/r0 depth:sk_depth:22:46 label:5
path:./subject10/bare/class5/r1 depth:sk_depth:18:40 label:5
path:./subject10/bare/class5/r2 depth:sk_depth:19:45 label:5
path:./subject10/bare/class5/r3 depth:sk_depth:24:46 label:5
path:./subject10/bare/class5/r4 depth:sk_depth:19:41 label:5
path:./subject10/bare/class6/r0 depth:sk_depth:26:51 label:6
path:./subject10/bare/class6/r1 depth:sk_depth:24:49 label:6
path:./subject10/bare/class6/r2 depth:sk_depth:23:57 label:6
path:./subject10/bare/class6/r3 depth:sk_depth:23:59 label:6
path:./subject10/bare/class6/r4 depth:sk_depth:20:57 label:6
path:./subject10/bare/class7/r0 depth:sk_depth:27:64 label:7
path:./subject10/bare/class7/r1 depth:sk_depth:24:58 label:7
path:./subject10/bare/class7/r2 depth:sk_depth:23:54 label:7
path:./subject10/bare/class7/r3 depth:sk_depth:26:63 label:7
path:./subject10/bare/class7/r4 depth:sk_depth:25:65 label:7
path:./subject10/bare/class8/r0 depth:sk_depth:26:54 label:8
path:./subject10/bare/class8/r1 depth:sk_depth:29:54 label:8
path:./subject10/bare/class8/r2 depth:sk_depth:23:57 label:8
path:./subject10/bare/class8/r3 depth:sk_depth:28:60 label:8
path:./subject10/bare/class8/r4 depth:sk_depth:23:52 label:8
path:./subject10/bare/class9/r0 depth:sk_depth:22:51 label:9
path:./subject10/bare/class9/r1 depth:sk_depth:18:43 label:9
path:./subject10/bare/class9/r2 depth:sk_depth:18:48 label:9
path:./subject10/bare/class9/r3 depth:sk_depth:18:43 label:9
path:./subject10/bare/class9/r4 depth:sk_depth:13:35 label:9
path:./subject10/bare/class10/r0 depth:sk_depth:23:50 label:10
path:./subject10/bare/class10/r1 depth:sk_depth:21:45 label:10
path:./subject10/bare/class10/r2 depth:sk_depth:21:45 label:10
path:./subject10/bare/class10/r3 depth:sk_depth:21:46 label:10
path:./subject10/bare/class10/r4 depth:sk_depth:22:52 label:10
path:./subject10/bare/class11/r0 depth:sk_depth:23:64 label:11
path:./subject10/bare/class11/r1 depth:sk_depth:17:44 label:11
path:./subject10/bare/class11/r2 depth:sk_depth:25:52 label:11
path:./subject10/bare/class11/r3 depth:sk_depth:27:69 label:11
path:./subject10/bare/class11/r4 depth:sk_depth:21:43 label:11
path:./subject10/bare/class12/r0 depth:sk_depth:16:56 label:12
path:./subject10/bare/class12/r1 depth:sk_depth:11:52 label:12
path:./subject10/bare/class12/r2 depth:sk_depth:15:55 label:12
path:./subject10/bare/class12/r3 depth:sk_depth:15:65 label:12
path:./subject10/bare/class12/r4 depth:sk_depth:15:58 label:12
path:./subject10/bare/class13/r0 depth:sk_depth:20:54 label:13
path:./subject10/bare/class13/r1 depth:sk_depth:13:47 label:13
path:./subject10/bare/class13/r2 depth:sk_depth:11:45 label:13
path:./subject10/bare/class13/r3 depth:sk_depth:19:54 label:13
path:./subject10/bare/class13/r4 depth:sk_depth:15:59 label:13
path:./subject10/bare/class14/r0 depth:sk_depth:27:53 label:14
path:./subject10/bare/class14/r1 depth:sk_depth:22:58 label:14
path:./subject10/bare/class14/r2 depth:sk_depth:23:44 label:14
path:./subject10/bare/class14/r3 depth:sk_depth:20:45 label:14
path:./subject10/bare/class14/r4 depth:sk_depth:13:49 label:14
path:./subject10/bare/class15/r0 depth:sk_depth:29:57 label:15
path:./subject10/bare/class15/r1 depth:sk_depth:21:51 label:15
path:./subject10/bare/class15/r2 depth:sk_depth:23:59 label:15
path:./subject10/bare/class15/r3 depth:sk_depth:30:60 label:15
path:./subject10/bare/class15/r4 depth:sk_depth:27:77 label:15
path:./subject10/bare/class16/r0 depth:sk_depth:37:73 label:16
path:./subject10/bare/class16/r1 depth:sk_depth:24:67 label:16
path:./subject10/bare/class16/r2 depth:sk_depth:20:60 label:16
path:./subject10/bare/class16/r3 depth:sk_depth:27:68 label:16
path:./subject10/bare/class16/r4 depth:sk_depth:23:72 label:16
path:./subject10/bare/class17/r0 depth:sk_depth:50:83 label:17
path:./subject10/bare/class17/r1 depth:sk_depth:32:72 label:17
path:./subject10/bare/class17/r2 depth:sk_depth:36:56 label:17
path:./subject10/bare/class17/r3 depth:sk_depth:27:62 label:17
path:./subject10/bare/class17/r4 depth:sk_depth:21:48 label:17
path:./subject10/bare/class18/r0 depth:sk_depth:22:62 label:18
path:./subject10/bare/class18/r1 depth:sk_depth:20:44 label:18
path:./subject10/bare/class18/r2 depth:sk_depth:22:67 label:18
path:./subject10/bare/class18/r3 depth:sk_depth:25:52 label:18
path:./subject10/bare/class18/r4 depth:sk_depth:22:62 label:18
path:./subject10/bare/class19/r0 depth:sk_depth:29:76 label:19
path:./subject10/bare/class19/r1 depth:sk_depth:22:62 label:19
path:./subject10/bare/class19/r2 depth:sk_depth:23:63 label:19
path:./subject10/bare/class19/r3 depth:sk_depth:27:71 label:19
path:./subject10/bare/class19/r4 depth:sk_depth:21:51 label:19
path:./subject10/bare/class20/r0 depth:sk_depth:25:65 label:20
path:./subject10/bare/class20/r1 depth:sk_depth:24:64 label:20
path:./subject10/bare/class20/r2 depth:sk_depth:32:72 label:20
path:./subject10/bare/class20/r3 depth:sk_depth:30:70 label:20
path:./subject10/bare/class20/r4 depth:sk_depth:35:75 label:20
path:./subject10/bare/class21/r0 depth:sk_depth:25:65 label:21
path:./subject10/bare/class21/r1 depth:sk_depth:30:70 label:21
path:./subject10/bare/class21/r2 depth:sk_depth:30:70 label:21
path:./subject10/bare/class21/r3 depth:sk_depth:33:73 label:21
path:./subject10/bare/class21/r4 depth:sk_depth:28:68 label:21
path:./subject10/bare/class22/r0 depth:sk_depth:18:55 label:22
path:./subject10/bare/class22/r1 depth:sk_depth:23:55 label:22
path:./subject10/bare/class22/r2 depth:sk_depth:18:52 label:22
path:./subject10/bare/class22/r3 depth:sk_depth:22:50 label:22
path:./subject10/bare/class22/r4 depth:sk_depth:18:56 label:22
path:./subject10/bare/class23/r0 depth:sk_depth:13:52 label:23
path:./subject10/bare/class23/r1 depth:sk_depth:18:47 label:23
path:./subject10/bare/class23/r2 depth:sk_depth:19:42 label:23
path:./subject10/bare/class23/r3 depth:sk_depth:23:41 label:23
path:./subject10/bare/class23/r4 depth:sk_depth:15:42 label:23
path:./subject10/bare/class24/r0 depth:sk_depth:17:50 label:24
path:./subject10/bare/class24/r1 depth:sk_depth:15:43 label:24
path:./subject10/bare/class24/r2 depth:sk_depth:19:59 label:24
path:./subject10/bare/class24/r3 depth:sk_depth:16:56 label:24
path:./subject10/bare/class24/r4 depth:sk_depth:20:60 label:24
path:./subject10/bare/class25/r0 depth:sk_depth:21:56 label:25
path:./subject10/bare/class25/r1 depth:sk_depth:23:61 label:25
path:./subject10/bare/class25/r2 depth:sk_depth:21:43 label:25
path:./subject10/bare/class25/r3 depth:sk_depth:17:54 label:25
path:./subject10/bare/class25/r4 depth:sk_depth:19:57 label:25
path:./subject10/bare/class26/r0 depth:sk_depth:29:48 label:26
path:./subject10/bare/class26/r1 depth:sk_depth:23:40 label:26
path:./subject10/bare/class26/r2 depth:sk_depth:37:63 label:26
path:./subject10/bare/class26/r3 depth:sk_depth:26:37 label:26
path:./subject10/bare/class26/r4 depth:sk_depth:25:35 label:26
path:./subject10/bare/class27/r0 depth:sk_depth:24:55 label:27
path:./subject10/bare/class27/r1 depth:sk_depth:24:51 label:27
path:./subject10/bare/class27/r2 depth:sk_depth:21:53 label:27
path:./subject10/bare/class27/r3 depth:sk_depth:17:47 label:27
path:./subject10/bare/class27/r4 depth:sk_depth:25:47 label:27
path:./subject11/bare/class1/r0 depth:sk_depth:27:64 label:1
path:./subject11/bare/class1/r1 depth:sk_depth:33:73 label:1
path:./subject11/bare/class1/r2 depth:sk_depth:33:64 label:1
path:./subject11/bare/class1/r3 depth:sk_depth:25:56 label:1
path:./subject11/bare/class1/r4 depth:sk_depth:21:41 label:1
path:./subject11/bare/class2/r0 depth:sk_depth:46:71 label:2
path:./subject11/bare/class2/r1 depth:sk_depth:37:58 label:2
path:./subject11/bare/class2/r2 depth:sk_depth:38:56 label:2
path:./subject11/bare/class2/r3 depth:sk_depth:38:62 label:2
path:./subject11/bare/class2/r4 depth:sk_depth:33:63 label:2
path:./subject11/bare/class3/r0 depth:sk_depth:27:46 label:3
path:./subject11/bare/class3/r1 depth:sk_depth:26:61 label:3
path:./subject11/bare/class3/r2 depth:sk_depth:27:58 label:3
path:./subject11/bare/class3/r3 depth:sk_depth:35:61 label:3
path:./subject11/bare/class3/r4 depth:sk_depth:21:59 label:3
path:./subject11/bare/class4/r0 depth:sk_depth:53:70 label:4
path:./subject11/bare/class4/r1 depth:sk_depth:46:72 label:4
path:./subject11/bare/class4/r2 depth:sk_depth:37:72 label:4
path:./subject11/bare/class4/r3 depth:sk_depth:42:82 label:4
path:./subject11/bare/class4/r4 depth:sk_depth:32:72 label:4
path:./subject11/bare/class5/r0 depth:sk_depth:43:79 label:5
path:./subject11/bare/class5/r1 depth:sk_depth:22:59 label:5
path:./subject11/bare/class5/r2 depth:sk_depth:28:68 label:5
path:./subject11/bare/class5/r3 depth:sk_depth:28:66 label:5
path:./subject11/bare/class5/r4 depth:sk_depth:25:53 label:5
path:./subject11/bare/class6/r0 depth:sk_depth:27:51 label:6
path:./subject11/bare/class6/r1 depth:sk_depth:33:69 label:6
path:./subject11/bare/class6/r2 depth:sk_depth:40:80 label:6
path:./subject11/bare/class6/r3 depth:sk_depth:37:77 label:6
path:./subject11/bare/class6/r4 depth:sk_depth:43:83 label:6
path:./subject11/bare/class7/r0 depth:sk_depth:32:55 label:7
path:./subject11/bare/class7/r1 depth:sk_depth:27:64 label:7
path:./subject11/bare/class7/r2 depth:sk_depth:39:65 label:7
path:./subject11/bare/class7/r3 depth:sk_depth:32:72 label:7
path:./subject11/bare/class7/r4 depth:sk_depth:30:65 label:7
path:./subject11/bare/class8/r0 depth:sk_depth:30:59 label:8
path:./subject11/bare/class8/r1 depth:sk_depth:35:75 label:8
path:./subject11/bare/class8/r2 depth:sk_depth:35:68 label:8
path:./subject11/bare/class8/r3 depth:sk_depth:28:64 label:8
path:./subject11/bare/class8/r4 depth:sk_depth:23:62 label:8
path:./subject11/bare/class9/r0 depth:sk_depth:17:57 label:9
path:./subject11/bare/class9/r1 depth:sk_depth:21:56 label:9
path:./subject11/bare/class9/r2 depth:sk_depth:19:57 label:9
path:./subject11/bare/class9/r3 depth:sk_depth:26:65 label:9
path:./subject11/bare/class9/r4 depth:sk_depth:20:58 label:9
path:./subject11/bare/class10/r0 depth:sk_depth:39:79 label:10
path:./subject11/bare/class10/r1 depth:sk_depth:46:86 label:10
path:./subject11/bare/class10/r2 depth:sk_depth:35:75 label:10
path:./subject11/bare/class10/r3 depth:sk_depth:37:77 label:10
path:./subject11/bare/class10/r4 depth:sk_depth:32:72 label:10
path:./subject11/bare/class11/r0 depth:sk_depth:33:73 label:11
path:./subject11/bare/class11/r1 depth:sk_depth:27:67 label:11
path:./subject11/bare/class11/r2 depth:sk_depth:27:63 label:11
path:./subject11/bare/class11/r3 depth:sk_depth:21:57 label:11
path:./subject11/bare/class11/r4 depth:sk_depth:33:73 label:11
path:./subject11/bare/class12/r0 depth:sk_depth:21:61 label:12
path:./subject11/bare/class12/r1 depth:sk_depth:20:60 label:12
path:./subject11/bare/class12/r2 depth:sk_depth:20:60 label:12
path:./subject11/bare/class12/r3 depth:sk_depth:19:59 label:12
path:./subject11/bare/class12/r4 depth:sk_depth:24:64 label:12
path:./subject11/bare/class13/r0 depth:sk_depth:23:63 label:13
path:./subject11/bare/class13/r1 depth:sk_depth:19:59 label:13
path:./subject11/bare/class13/r2 depth:sk_depth:27:67 label:13
path:./subject11/bare/class13/r3 depth:sk_depth:25:65 label:13
path:./subject11/bare/class13/r4 depth:sk_depth:23:63 label:13
path:./subject11/bare/class14/r0 depth:sk_depth:19:59 label:14
path:./subject11/bare/class14/r1 depth:sk_depth:22:62 label:14
path:./subject11/bare/class14/r2 depth:sk_depth:30:70 label:14
path:./subject11/bare/class14/r3 depth:sk_depth:23:63 label:14
path:./subject11/bare/class14/r4 depth:sk_depth:19:59 label:14
path:./subject11/bare/class15/r0 depth:sk_depth:21:55 label:15
path:./subject11/bare/class15/r1 depth:sk_depth:24:64 label:15
path:./subject11/bare/class15/r2 depth:sk_depth:28:52 label:15
path:./subject11/bare/class15/r3 depth:sk_depth:22:59 label:15
path:./subject11/bare/class15/r4 depth:sk_depth:24:64 label:15
path:./subject11/bare/class16/r0 depth:sk_depth:31:71 label:16
path:./subject11/bare/class16/r1 depth:sk_depth:41:67 label:16
path:./subject11/bare/class16/r2 depth:sk_depth:29:69 label:16
path:./subject11/bare/class16/r3 depth:sk_depth:29:69 label:16
path:./subject11/bare/class16/r4 depth:sk_depth:55:95 label:16
path:./subject11/bare/class17/r0 depth:sk_depth:42:82 label:17
path:./subject11/bare/class17/r1 depth:sk_depth:51:88 label:17
path:./subject11/bare/class17/r2 depth:sk_depth:50:90 label:17
path:./subject11/bare/class17/r3 depth:sk_depth:52:89 label:17
path:./subject11/bare/class17/r4 depth:sk_depth:56:96 label:17
path:./subject11/bare/class18/r0 depth:sk_depth:28:68 label:18
path:./subject11/bare/class18/r1 depth:sk_depth:28:59 label:18
path:./subject11/bare/class18/r2 depth:sk_depth:23:61 label:18
path:./subject11/bare/class18/r3 depth:sk_depth:33:73 label:18
path:./subject11/bare/class18/r4 depth:sk_depth:33:73 label:18
path:./subject11/bare/class19/r0 depth:sk_depth:46:84 label:19
path:./subject11/bare/class19/r1 depth:sk_depth:58:98 label:19
path:./subject11/bare/class19/r2 depth:sk_depth:45:85 label:19
path:./subject11/bare/class19/r3 depth:sk_depth:32:66 label:19
path:./subject11/bare/class19/r4 depth:sk_depth:35:75 label:19
path:./subject11/bare/class20/r0 depth:sk_depth:25:59 label:20
path:./subject11/bare/class20/r1 depth:sk_depth:19:54 label:20
path:./subject11/bare/class20/r2 depth:sk_depth:26:59 label:20
path:./subject11/bare/class20/r3 depth:sk_depth:22:52 label:20
path:./subject11/bare/class20/r4 depth:sk_depth:21:51 label:20
path:./subject11/bare/class21/r0 depth:sk_depth:21:59 label:21
path:./subject11/bare/class21/r1 depth:sk_depth:15:45 label:21
path:./subject11/bare/class21/r2 depth:sk_depth:20:33 label:21
path:./subject11/bare/class21/r3 depth:sk_depth:20:60 label:21
path:./subject11/bare/class21/r4 depth:sk_depth:21:47 label:21
path:./subject11/bare/class22/r0 depth:sk_depth:21:49 label:22
path:./subject11/bare/class22/r1 depth:sk_depth:22:58 label:22
path:./subject11/bare/class22/r2 depth:sk_depth:25:55 label:22
path:./subject11/bare/class22/r3 depth:sk_depth:15:52 label:22
path:./subject11/bare/class22/r4 depth:sk_depth:19:59 label:22
path:./subject11/bare/class23/r0 depth:sk_depth:24:64 label:23
path:./subject11/bare/class23/r1 depth:sk_depth:23:60 label:23
path:./subject11/bare/class23/r2 depth:sk_depth:16:39 label:23
path:./subject11/bare/class23/r3 depth:sk_depth:17:56 label:23
path:./subject11/bare/class23/r4 depth:sk_depth:11:51 label:23
path:./subject11/bare/class24/r0 depth:sk_depth:12:52 label:24
path:./subject11/bare/class24/r1 depth:sk_depth:28:52 label:24
path:./subject11/bare/class24/r2 depth:sk_depth:24:64 label:24
path:./subject11/bare/class24/r3 depth:sk_depth:24:64 label:24
path:./subject11/bare/class24/r4 depth:sk_depth:29:69 label:24
path:./subject11/bare/class25/r0 depth:sk_depth:27:62 label:25
path:./subject11/bare/class25/r1 depth:sk_depth:20:60 label:25
path:./subject11/bare/class25/r2 depth:sk_depth:23:63 label:25
path:./subject11/bare/class25/r3 depth:sk_depth:26:65 label:25
path:./subject11/bare/class25/r4 depth:sk_depth:18:58 label:25
path:./subject11/bare/class26/r0 depth:sk_depth:40:71 label:26
path:./subject11/bare/class26/r1 depth:sk_depth:26:56 label:26
path:./subject11/bare/class26/r2 depth:sk_depth:25:65 label:26
path:./subject11/bare/class26/r3 depth:sk_depth:39:48 label:26
path:./subject11/bare/class26/r4 depth:sk_depth:31:68 label:26
path:./subject11/bare/class27/r0 depth:sk_depth:19:59 label:27
path:./subject11/bare/class27/r1 depth:sk_depth:17:48 label:27
path:./subject11/bare/class27/r2 depth:sk_depth:15:53 label:27
path:./subject11/bare/class27/r3 depth:sk_depth:19:52 label:27
path:./subject11/bare/class27/r4 depth:sk_depth:21:61 label:27