path:./subject10/bare/class1/r0 depth:sk_depth:48:88 label:1 
path:./subject10/bare/class1/r1 depth:sk_depth:25:63 label:1
path:./subject10/bare/class1/r2 depth:sk_depth:21:61 label:1
path:./subject10/bare/class1/r3 depth:sk_depth:23:60 label:1
path:./subject10/bare/class1/r4 depth:sk_depth:25:65 label:1
path:./subject10/bare/class2/r0 depth:sk_depth:30:78 label:2
path:./subject10/bare/class2/r1 depth:sk_depth:24:78 label:2
path:./subject10/bare/class2/r2 depth:sk_depth:32:79 label:2
path:./subject10/bare/class2/r3 depth:sk_depth:35:81 label:2
path:./subject10/bare/class2/r4 depth:sk_depth:24:74 label:2
path:./subject10/bare/class3/r0 depth:sk_depth:25:65 label:3
path:./subject10/bare/class3/r1 depth:sk_depth:24:70 label:3
path:./subject10/bare/class3/r2 depth:sk_depth:27:82 label:3
path:./subject10/bare/class3/r3 depth:sk_depth:22:66 label:3
path:./subject10/bare/class3/r4 depth:sk_depth:19:64 label:3
path:./subject10/bare/class4/r0 depth:sk_depth:31:71 label:4
path:./subject10/bare/class4/r1 depth:sk_depth:25:69 label:4
path:./subject10/bare/class4/r2 depth:sk_depth:27:58 label:4
path:./subject10/bare/class4/r3 depth:sk_depth:25:57 label:4
path:./subject10/bare/class4/r4 depth:sk_depth:20:60 label:4
path:./subject10/bare/class5/r0 depth:sk_depth:22:46 label:5
path:./subject10/bare/class5/r1 depth:sk_depth:18:40 label:5
path:./subject10/bare/class5/r2 depth:sk_depth:19:45 label:5
path:./subject10/bare/class5/r3 depth:sk_depth:24:46 label:5
path:./subject10/bare/class5/r4 depth:sk_depth:19:41 label:5
path:./subject10/bare/class6/r0 depth:sk_depth:26:51 label:6
path:./subject10/bare/class6/r1 depth:sk_depth:24:49 label:6
path:./subject10/bare/class6/r2 depth:sk_depth:23:57 label:6
path:./subject10/bare/class6/r3 depth:sk_depth:23:59 label:6
path:./subject10/bare/class6/r4 depth:sk_depth:20:57 label:6
path:./subject10/bare/class7/r0 depth:sk_depth:27:64 label:7
path:./subject10/bare/class7/r1 depth:sk_depth:24:58 label:7
path:./subject10/bare/class7/r2 depth:sk_depth:23:54 label:7
path:./subject10/bare/class7/r3 depth:sk_depth:26:63 label:7
path:./subject10/bare/class7/r4 depth:sk_depth:25:65 label:7
path:./subject10/bare/class8/r0 depth:sk_depth:26:54 label:8
path:./subject10/bare/class8/r1 depth:sk_depth:29:54 label:8
path:./subject10/bare/class8/r2 depth:sk_depth:23:57 label:8
path:./subject10/bare/class8/r3 depth:sk_depth:28:60 label:8
path:./subject10/bare/class8/r4 depth:sk_depth:23:52 label:8
path:./subject10/bare/class9/r0 depth:sk_depth:22:51 label:9
path:./subject10/bare/class9/r1 depth:sk_depth:18:43 label:9
path:./subject10/bare/class9/r2 depth:sk_depth:18:48 label:9
path:./subject10/bare/class9/r3 depth:sk_depth:18:43 label:9
path:./subject10/bare/class9/r4 depth:sk_depth:13:35 label:9
path:./subject10/bare/class10/r0 depth:sk_depth:23:50 label:10
path:./subject10/bare/class10/r1 depth:sk_depth:21:45 label:10
path:./subject10/bare/class10/r2 depth:sk_depth:21:45 label:10
path:./subject10/bare/class10/r3 depth:sk_depth:21:46 label:10
path:./subject10/bare/class10/r4 depth:sk_depth:22:52 label:10
path:./subject10/bare/class11/r0 depth:sk_depth:23:64 label:11
path:./subject10/bare/class11/r1 depth:sk_depth:17:44 label:11
path:./subject10/bare/class11/r2 depth:sk_depth:25:52 label:11
path:./subject10/bare/class11/r3 depth:sk_depth:27:69 label:11
path:./subject10/bare/class11/r4 depth:sk_depth:21:43 label:11
path:./subject10/bare/class12/r0 depth:sk_depth:16:56 label:12
path:./subject10/bare/class12/r1 depth:sk_depth:11:52 label:12
path:./subject10/bare/class12/r2 depth:sk_depth:15:55 label:12
path:./subject10/bare/class12/r3 depth:sk_depth:15:65 label:12
path:./subject10/bare/class12/r4 depth:sk_depth:15:58 label:12
path:./subject10/bare/class13/r0 depth:sk_depth:20:54 label:13
path:./subject10/bare/class13/r1 depth:sk_depth:13:47 label:13
path:./subject10/bare/class13/r2 depth:sk_depth:11:45 label:13
path:./subject10/bare/class13/r3 depth:sk_depth:19:54 label:13
path:./subject10/bare/class13/r4 depth:sk_depth:15:59 label:13
path:./subject10/bare/class14/r0 depth:sk_depth:27:53 label:14
path:./subject10/bare/class14/r1 depth:sk_depth:22:58 label:14
path:./subject10/bare/class14/r2 depth:sk_depth:23:44 label:14
path:./subject10/bare/class14/r3 depth:sk_depth:20:45 label:14
path:./subject10/bare/class14/r4 depth:sk_depth:13:49 label:14
path:./subject10/bare/class15/r0 depth:sk_depth:29:57 label:15
path:./subject10/bare/class15/r1 depth:sk_depth:21:51 label:15
path:./subject10/bare/class15/r2 depth:sk_depth:23:59 label:15
path:./subject10/bare/class15/r3 depth:sk_depth:30:60 label:15
path:./subject10/bare/class15/r4 depth:sk_depth:27:77 label:15
path:./subject10/bare/class16/r0 depth:sk_depth:37:73 label:16
path:./subject10/bare/class16/r1 depth:sk_depth:24:67 label:16
path:./subject10/bare/class16/r2 depth:sk_depth:20:60 label:16
path:./subject10/bare/class16/r3 depth:sk_depth:27:68 label:16
path:./subject10/bare/class16/r4 depth:sk_depth:23:72 label:16
path:./subject10/bare/class17/r0 depth:sk_depth:50:83 label:17
path:./subject10/bare/class17/r1 depth:sk_depth:32:72 label:17
path:./subject10/bare/class17/r2 depth:sk_depth:36:56 label:17
path:./subject10/bare/class17/r3 depth:sk_depth:27:62 label:17
path:./subject10/bare/class17/r4 depth:sk_depth:21:48 label:17
path:./subject10/bare/class18/r0 depth:sk_depth:22:62 label:18
path:./subject10/bare/class18/r1 depth:sk_depth:20:44 label:18
path:./subject10/bare/class18/r2 depth:sk_depth:22:67 label:18
path:./subject10/bare/class18/r3 depth:sk_depth:25:52 label:18
path:./subject10/bare/class18/r4 depth:sk_depth:22:62 label:18
path:./subject10/bare/class19/r0 depth:sk_depth:29:76 label:19
path:./subject10/bare/class19/r1 depth:sk_depth:22:62 label:19
path:./subject10/bare/class19/r2 depth:sk_depth:23:63 label:19
path:./subject10/bare/class19/r3 depth:sk_depth:27:71 label:19
path:./subject10/bare/class19/r4 depth:sk_depth:21:51 label:19
path:./subject10/bare/class20/r0 depth:sk_depth:25:65 label:20
path:./subject10/bare/class20/r1 depth:sk_depth:24:64 label:20
path:./subject10/bare/class20/r2 depth:sk_depth:32:72 label:20
path:./subject10/bare/class20/r3 depth:sk_depth:30:70 label:20
path:./subject10/bare/class20/r4 depth:sk_depth:35:75 label:20
path:./subject10/bare/class21/r0 depth:sk_depth:25:65 label:21
path:./subject10/bare/class21/r1 depth:sk_depth:30:70 label:21
path:./subject10/bare/class21/r2 depth:sk_depth:30:70 label:21
path:./subject10/bare/class21/r3 depth:sk_depth:33:73 label:21
path:./subject10/bare/class21/r4 depth:sk_depth:28:68 label:21
path:./subject10/bare/class22/r0 depth:sk_depth:18:55 label:22
path:./subject10/bare/class22/r1 depth:sk_depth:23:55 label:22
path:./subject10/bare/class22/r2 depth:sk_depth:18:52 label:22
path:./subject10/bare/class22/r3 depth:sk_depth:22:50 label:22
path:./subject10/bare/class22/r4 depth:sk_depth:18:56 label:22
path:./subject10/bare/class23/r0 depth:sk_depth:13:52 label:23
path:./subject10/bare/class23/r1 depth:sk_depth:18:47 label:23
path:./subject10/bare/class23/r2 depth:sk_depth:19:42 label:23
path:./subject10/bare/class23/r3 depth:sk_depth:23:41 label:23
path:./subject10/bare/class23/r4 depth:sk_depth:15:42 label:23
path:./subject10/bare/class24/r0 depth:sk_depth:17:50 label:24
path:./subject10/bare/class24/r1 depth:sk_depth:15:43 label:24
path:./subject10/bare/class24/r2 depth:sk_depth:19:59 label:24
path:./subject10/bare/class24/r3 depth:sk_depth:16:56 label:24
path:./subject10/bare/class24/r4 depth:sk_depth:20:60 label:24
path:./subject10/bare/class25/r0 depth:sk_depth:21:56 label:25
path:./subject10/bare/class25/r1 depth:sk_depth:23:61 label:25
path:./subject10/bare/class25/r2 depth:sk_depth:21:43 label:25
path:./subject10/bare/class25/r3 depth:sk_depth:17:54 label:25
path:./subject10/bare/class25/r4 depth:sk_depth:19:57 label:25
path:./subject10/bare/class26/r0 depth:sk_depth:29:48 label:26
path:./subject10/bare/class26/r1 depth:sk_depth:23:40 label:26
path:./subject10/bare/class26/r2 depth:sk_depth:37:63 label:26
path:./subject10/bare/class26/r3 depth:sk_depth:26:37 label:26
path:./subject10/bare/class26/r4 depth:sk_depth:25:35 label:26
path:./subject10/bare/class27/r0 depth:sk_depth:24:55 label:27
path:./subject10/bare/class27/r1 depth:sk_depth:24:51 label:27
path:./subject10/bare/class27/r2 depth:sk_depth:21:53 label:27
path:./subject10/bare/class27/r3 depth:sk_depth:17:47 label:27
path:./subject10/bare/class27/r4 depth:sk_depth:25:47 label:27
path:./subject10/blue/class1/r0 depth:sk_depth:31:71 label:1 
path:./subject10/blue/class1/r1 depth:sk_depth:29:66 label:1
path:./subject10/blue/class1/r2 depth:sk_depth:27:61 label:1
path:./subject10/blue/class1/r3 depth:sk_depth:30:70 label:1
path:./subject10/blue/class1/r4 depth:sk_depth:29:69 label:1
path:./subject10/blue/class2/r0 depth:sk_depth:35:75 label:2
path:./subject10/blue/class2/r1 depth:sk_depth:27:67 label:2
path:./subject10/blue/class2/r2 depth:sk_depth:23:63 label:2
path:./subject10/blue/class2/r3 depth:sk_depth:37:77 label:2
path:./subject10/blue/class2/r4 depth:sk_depth:39:79 label:2
path:./subject10/blue/class3/r0 depth:sk_depth:35:67 label:3
path:./subject10/blue/class3/r1 depth:sk_depth:32:57 label:3
path:./subject10/blue/class3/r2 depth:sk_depth:21:61 label:3
path:./subject10/blue/class3/r3 depth:sk_depth:29:54 label:3
path:./subject10/blue/class3/r4 depth:sk_depth:26:50 label:3
path:./subject10/blue/class4/r0 depth:sk_depth:30:70 label:4
path:./subject10/blue/class4/r1 depth:sk_depth:28:64 label:4
path:./subject10/blue/class4/r2 depth:sk_depth:34:72 label:4
path:./subject10/blue/class4/r3 depth:sk_depth:30:69 label:4
path:./subject10/blue/class4/r4 depth:sk_depth:36:76 label:4
path:./subject10/blue/class5/r0 depth:sk_depth:26:54 label:5
path:./subject10/blue/class5/r1 depth:sk_depth:21:50 label:5
path:./subject10/blue/class5/r2 depth:sk_depth:27:55 label:5
path:./subject10/blue/class5/r3 depth:sk_depth:27:60 label:5
path:./subject10/blue/class5/r4 depth:sk_depth:24:54 label:5
path:./subject10/blue/class6/r0 depth:sk_depth:29:60 label:6
path:./subject10/blue/class6/r1 depth:sk_depth:24:56 label:6
path:./subject10/blue/class6/r2 depth:sk_depth:25:56 label:6
path:./subject10/blue/class6/r3 depth:sk_depth:27:56 label:6
path:./subject10/blue/class6/r4 depth:sk_depth:26:53 label:6
path:./subject10/blue/class7/r0 depth:sk_depth:38:64 label:7
path:./subject10/blue/class7/r1 depth:sk_depth:27:55 label:7
path:./subject10/blue/class7/r2 depth:sk_depth:27:50 label:7
path:./subject10/blue/class7/r3 depth:sk_depth:33:62 label:7
path:./subject10/blue/class7/r4 depth:sk_depth:30:52 label:7
path:./subject10/blue/class8/r0 depth:sk_depth:38:69 label:8
path:./subject10/blue/class8/r1 depth:sk_depth:17:38 label:8
path:./subject10/blue/class8/r2 depth:sk_depth:18:51 label:8
path:./subject10/blue/class8/r3 depth:sk_depth:25:51 label:8
path:./subject10/blue/class8/r4 depth:sk_depth:24:57 label:8
path:./subject10/blue/class9/r0 depth:sk_depth:35:58 label:9
path:./subject10/blue/class9/r1 depth:sk_depth:14:37 label:9
path:./subject10/blue/class9/r2 depth:sk_depth:19:40 label:9
path:./subject10/blue/class9/r3 depth:sk_depth:15:42 label:9
path:./subject10/blue/class9/r4 depth:sk_depth:13:35 label:9
path:./subject10/blue/class10/r0 depth:sk_depth:24:45 label:10
path:./subject10/blue/class10/r1 depth:sk_depth:20:45 label:10
path:./subject10/blue/class10/r2 depth:sk_depth:24:42 label:10
path:./subject10/blue/class10/r3 depth:sk_depth:20:45 label:10
path:./subject10/blue/class10/r4 depth:sk_depth:22:48 label:10
path:./subject10/blue/class11/r0 depth:sk_depth:33:58 label:11
path:./subject10/blue/class11/r1 depth:sk_depth:25:46 label:11
path:./subject10/blue/class11/r2 depth:sk_depth:21:48 label:11
path:./subject10/blue/class11/r3 depth:sk_depth:25:54 label:11
path:./subject10/blue/class11/r4 depth:sk_depth:24:54 label:11
path:./subject10/blue/class12/r0 depth:sk_depth:23:63 label:12
path:./subject10/blue/class12/r1 depth:sk_depth:19:59 label:12
path:./subject10/blue/class12/r2 depth:sk_depth:19:59 label:12
path:./subject10/blue/class12/r3 depth:sk_depth:18:58 label:12
path:./subject10/blue/class12/r4 depth:sk_depth:13:51 label:12
path:./subject10/blue/class13/r0 depth:sk_depth:18:52 label:13
path:./subject10/blue/class13/r1 depth:sk_depth:25:65 label:13
path:./subject10/blue/class13/r2 depth:sk_depth:25:54 label:13
path:./subject10/blue/class13/r3 depth:sk_depth:31:65 label:13
path:./subject10/blue/class13/r4 depth:sk_depth:33:61 label:13
path:./subject10/blue/class14/r0 depth:sk_depth:30:63 label:14
path:./subject10/blue/class14/r1 depth:sk_depth:31:52 label:14
path:./subject10/blue/class14/r2 depth:sk_depth:33:64 label:14
path:./subject10/blue/class14/r3 depth:sk_depth:33:62 label:14
path:./subject10/blue/class14/r4 depth:sk_depth:30:64 label:14
path:./subject10/blue/class15/r0 depth:sk_depth:42:80 label:15
path:./subject10/blue/class15/r1 depth:sk_depth:35:75 label:15
path:./subject10/blue/class15/r2 depth:sk_depth:21:51 label:15
path:./subject10/blue/class15/r3 depth:sk_depth:26:63 label:15
path:./subject10/blue/class15/r4 depth:sk_depth:40:76 label:15
path:./subject10/blue/class16/r0 depth:sk_depth:32:57 label:16
path:./subject10/blue/class16/r1 depth:sk_depth:31:65 label:16
path:./subject10/blue/class16/r2 depth:sk_depth:28:51 label:16
path:./subject10/blue/class16/r3 depth:sk_depth:29:62 label:16
path:./subject10/blue/class16/r4 depth:sk_depth:19:45 label:16
path:./subject10/blue/class17/r0 depth:sk_depth:30:60 label:17
path:./subject10/blue/class17/r1 depth:sk_depth:33:60 label:17
path:./subject10/blue/class17/r2 depth:sk_depth:32:66 label:17
path:./subject10/blue/class17/r3 depth:sk_depth:25:48 label:17
path:./subject10/blue/class17/r4 depth:sk_depth:27:57 label:17
path:./subject10/blue/class18/r0 depth:sk_depth:20:55 label:18
path:./subject10/blue/class18/r1 depth:sk_depth:24:54 label:18
path:./subject10/blue/class18/r2 depth:sk_depth:26:56 label:18
path:./subject10/blue/class18/r3 depth:sk_depth:23:53 label:18
path:./subject10/blue/class18/r4 depth:sk_depth:22:62 label:18
path:./subject10/blue/class19/r0 depth:sk_depth:23:52 label:19
path:./subject10/blue/class19/r1 depth:sk_depth:25:54 label:19
path:./subject10/blue/class19/r2 depth:sk_depth:22:51 label:19
path:./subject10/blue/class19/r3 depth:sk_depth:35:75 label:19
path:./subject10/blue/class19/r4 depth:sk_depth:28:68 label:19
path:./subject10/blue/class20/r0 depth:sk_depth:35:75 label:20
path:./subject10/blue/class20/r1 depth:sk_depth:41:78 label:20
path:./subject10/blue/class20/r2 depth:sk_depth:40:80 label:20
path:./subject10/blue/class20/r3 depth:sk_depth:29:69 label:20
path:./subject10/blue/class20/r4 depth:sk_depth:27:57 label:20
path:./subject10/blue/class21/r0 depth:sk_depth:27:67 label:21
path:./subject10/blue/class21/r1 depth:sk_depth:30:67 label:21
path:./subject10/blue/class21/r2 depth:sk_depth:20:60 label:21
path:./subject10/blue/class21/r3 depth:sk_depth:21:61 label:21
path:./subject10/blue/class21/r4 depth:sk_depth:28:68 label:21
path:./subject10/blue/class22/r0 depth:sk_depth:36:72 label:22
path:./subject10/blue/class22/r1 depth:sk_depth:23:48 label:22
path:./subject10/blue/class22/r2 depth:sk_depth:17:37 label:22
path:./subject10/blue/class22/r3 depth:sk_depth:20:45 label:22
path:./subject10/blue/class22/r4 depth:sk_depth:19:41 label:22
path:./subject10/blue/class23/r0 depth:sk_depth:23:53 label:23
path:./subject10/blue/class23/r1 depth:sk_depth:22:49 label:23
path:./subject10/blue/class23/r2 depth:sk_depth:22:46 label:23
path:./subject10/blue/class23/r3 depth:sk_depth:19:45 label:23
path:./subject10/blue/class23/r4 depth:sk_depth:19:50 label:23
path:./subject10/blue/class24/r0 depth:sk_depth:23:51 label:24
path:./subject10/blue/class24/r1 depth:sk_depth:26:49 label:24
path:./subject10/blue/class24/r2 depth:sk_depth:17:37 label:24
path:./subject10/blue/class24/r3 depth:sk_depth:27:54 label:24
path:./subject10/blue/class24/r4 depth:sk_depth:23:43 label:24
path:./subject10/blue/class25/r0 depth:sk_depth:30:52 label:25
path:./subject10/blue/class25/r1 depth:sk_depth:22:46 label:25
path:./subject10/blue/class25/r2 depth:sk_depth:27:48 label:25
path:./subject10/blue/class25/r3 depth:sk_depth:29:51 label:25
path:./subject10/blue/class25/r4 depth:sk_depth:26:53 label:25
path:./subject10/blue/class26/r0 depth:sk_depth:43:76 label:26
path:./subject10/blue/class26/r1 depth:sk_depth:33:61 label:26
path:./subject10/blue/class26/r2 depth:sk_depth:36:62 label:26
path:./subject10/blue/class26/r3 depth:sk_depth:33:61 label:26
path:./subject10/blue/class26/r4 depth:sk_depth:34:49 label:26
path:./subject10/blue/class27/r0 depth:sk_depth:27:66 label:27
path:./subject10/blue/class27/r1 depth:sk_depth:31:60 label:27
path:./subject10/blue/class27/r2 depth:sk_depth:33:56 label:27
path:./subject10/blue/class27/r3 depth:sk_depth:36:52 label:27
path:./subject10/blue/class27/r4 depth:sk_depth:25:55 label:27
path:./subject10/white/class1/r0 depth:sk_depth:22:59 label:1
path:./subject10/white/class1/r1 depth:sk_depth:21:49 label:1
path:./subject10/white/class1/r2 depth:sk_depth:119:141 label:1
path:./subject10/white/class1/r3 depth:sk_depth:20:52 label:1
path:./subject10/white/class1/r4 depth:sk_depth:29:57 label:1
path:./subject10/white/class2/r0 depth:sk_depth:32:69 label:2
path:./subject10/white/class2/r1 depth:sk_depth:22:61 label:2
path:./subject10/white/class2/r2 depth:sk_depth:22:62 label:2
path:./subject10/white/class2/r3 depth:sk_depth:31:61 label:2
path:./subject10/white/class2/r4 depth:sk_depth:25:65 label:2
path:./subject10/white/class3/r0 depth:sk_depth:20:54 label:3
path:./subject10/white/class3/r1 depth:sk_depth:17:47 label:3
path:./subject10/white/class3/r2 depth:sk_depth:20:44 label:3
path:./subject10/white/class3/r3 depth:sk_depth:16:48 label:3
path:./subject10/white/class3/r4 depth:sk_depth:16:42 label:3
path:./subject10/white/class4/r0 depth:sk_depth:26:65 label:4
path:./subject10/white/class4/r1 depth:sk_depth:26:61 label:4
path:./subject10/white/class4/r2 depth:sk_depth:22:52 label:4
path:./subject10/white/class4/r3 depth:sk_depth:22:49 label:4
path:./subject10/white/class4/r4 depth:sk_depth:21:50 label:4
path:./subject10/white/class5/r0 depth:sk_depth:27:55 label:5
path:./subject10/white/class5/r1 depth:sk_depth:23:45 label:5
path:./subject10/white/class5/r2 depth:sk_depth:25:50 label:5
path:./subject10/white/class5/r3 depth:sk_depth:22:44 label:5
path:./subject10/white/class5/r4 depth:sk_depth:19:39 label:5
path:./subject10/white/class6/r0 depth:sk_depth:24:61 label:6
path:./subject10/white/class6/r1 depth:sk_depth:21:51 label:6
path:./subject10/white/class6/r2 depth:sk_depth:25:46 label:6
path:./subject10/white/class6/r3 depth:sk_depth:23:53 label:6
path:./subject10/white/class6/r4 depth:sk_depth:27:48 label:6
path:./subject10/white/class7/r0 depth:sk_depth:25:50 label:7
path:./subject10/white/class7/r1 depth:sk_depth:19:47 label:7
path:./subject10/white/class7/r2 depth:sk_depth:25:45 label:7
path:./subject10/white/class7/r3 depth:sk_depth:23:50 label:7
path:./subject10/white/class7/r4 depth:sk_depth:17:41 label:7
path:./subject10/white/class8/r0 depth:sk_depth:25:59 label:8
path:./subject10/white/class8/r1 depth:sk_depth:21:44 label:8
path:./subject10/white/class8/r2 depth:sk_depth:22:46 label:8
path:./subject10/white/class8/r3 depth:sk_depth:22:47 label:8
path:./subject10/white/class8/r4 depth:sk_depth:19:52 label:8
path:./subject10/white/class9/r0 depth:sk_depth:21:54 label:9
path:./subject10/white/class9/r1 depth:sk_depth:20:48 label:9
path:./subject10/white/class9/r2 depth:sk_depth:12:36 label:9
path:./subject10/white/class9/r3 depth:sk_depth:13:37 label:9
path:./subject10/white/class9/r4 depth:sk_depth:15:35 label:9
path:./subject10/white/class10/r0 depth:sk_depth:20:41 label:10
path:./subject10/white/class10/r1 depth:sk_depth:17:42 label:10
path:./subject10/white/class10/r2 depth:sk_depth:16:36 label:10
path:./subject10/white/class10/r3 depth:sk_depth:15:36 label:10
path:./subject10/white/class10/r4 depth:sk_depth:18:48 label:10
path:./subject10/white/class11/r0 depth:sk_depth:19:50 label:11
path:./subject10/white/class11/r1 depth:sk_depth:16:46 label:11
path:./subject10/white/class11/r2 depth:sk_depth:22:55 label:11
path:./subject10/white/class11/r3 depth:sk_depth:23:51 label:11
path:./subject10/white/class11/r4 depth:sk_depth:22:55 label:11
path:./subject10/white/class12/r0 depth:sk_depth:14:48 label:12
path:./subject10/white/class12/r1 depth:sk_depth:18:47 label:12
path:./subject10/white/class12/r2 depth:sk_depth:14:51 label:12
path:./subject10/white/class12/r3 depth:sk_depth:16:55 label:12
path:./subject10/white/class12/r4 depth:sk_depth:15:55 label:12
path:./subject10/white/class13/r0 depth:sk_depth:26:53 label:13
path:./subject10/white/class13/r1 depth:sk_depth:22:51 label:13
path:./subject10/white/class13/r2 depth:sk_depth:28:58 label:13
path:./subject10/white/class13/r3 depth:sk_depth:22:48 label:13
path:./subject10/white/class13/r4 depth:sk_depth:22:42 label:13
path:./subject10/white/class14/r0 depth:sk_depth:26:61 label:14
path:./subject10/white/class14/r1 depth:sk_depth:22:42 label:14
path:./subject10/white/class14/r2 depth:sk_depth:28:56 label:14
path:./subject10/white/class14/r3 depth:sk_depth:18:46 label:14
path:./subject10/white/class14/r4 depth:sk_depth:31:61 label:14
path:./subject10/white/class15/r0 depth:sk_depth:29:59 label:15
path:./subject10/white/class15/r1 depth:sk_depth:25:50 label:15
path:./subject10/white/class15/r2 depth:sk_depth:31:51 label:15
path:./subject10/white/class15/r3 depth:sk_depth:28:60 label:15
path:./subject10/white/class15/r4 depth:sk_depth:27:55 label:15
path:./subject10/white/class16/r0 depth:sk_depth:25:57 label:16
path:./subject10/white/class16/r1 depth:sk_depth:23:58 label:16
path:./subject10/white/class16/r2 depth:sk_depth:16:52 label:16
path:./subject10/white/class16/r3 depth:sk_depth:10:30 label:16
path:./subject10/white/class16/r4 depth:sk_depth:18:49 label:16
path:./subject10/white/class17/r0 depth:sk_depth:22:48 label:17
path:./subject10/white/class17/r1 depth:sk_depth:25:53 label:17
path:./subject10/white/class17/r2 depth:sk_depth:31:56 label:17
path:./subject10/white/class17/r3 depth:sk_depth:35:61 label:17
path:./subject10/white/class17/r4 depth:sk_depth:36:61 label:17
path:./subject10/white/class18/r0 depth:sk_depth:20:46 label:18
path:./subject10/white/class18/r1 depth:sk_depth:17:50 label:18
path:./subject10/white/class18/r2 depth:sk_depth:17:39 label:18
path:./subject10/white/class18/r3 depth:sk_depth:18:48 label:18
path:./subject10/white/class18/r4 depth:sk_depth:20:42 label:18
path:./subject10/white/class19/r0 depth:sk_depth:27:63 label:19
path:./subject10/white/class19/r1 depth:sk_depth:26:48 label:19
path:./subject10/white/class19/r2 depth:sk_depth:24:50 label:19
path:./subject10/white/class19/r3 depth:sk_depth:18:48 label:19
path:./subject10/white/class19/r4 depth:sk_depth:19:55 label:19
path:./subject10/white/class20/r0 depth:sk_depth:31:71 label:20
path:./subject10/white/class20/r1 depth:sk_depth:27:63 label:20
path:./subject10/white/class20/r2 depth:sk_depth:21:59 label:20
path:./subject10/white/class20/r3 depth:sk_depth:28:67 label:20
path:./subject10/white/class20/r4 depth:sk_depth:21:61 label:20
path:./subject10/white/class21/r0 depth:sk_depth:26:60 label:21
path:./subject10/white/class21/r1 depth:sk_depth:24:64 label:21
path:./subject10/white/class21/r2 depth:sk_depth:24:63 label:21
path:./subject10/white/class21/r3 depth:sk_depth:27:63 label:21
path:./subject10/white/class21/r4 depth:sk_depth:22:59 label:21
path:./subject10/white/class22/r0 depth:sk_depth:16:43 label:22
path:./subject10/white/class22/r1 depth:sk_depth:17:47 label:22
path:./subject10/white/class22/r2 depth:sk_depth:20:46 label:22
path:./subject10/white/class22/r3 depth:sk_depth:21:48 label:22
path:./subject10/white/class22/r4 depth:sk_depth:23:52 label:22
path:./subject10/white/class23/r0 depth:sk_depth:18:48 label:23
path:./subject10/white/class23/r1 depth:sk_depth:17:49 label:23
path:./subject10/white/class23/r2 depth:sk_depth:19:45 label:23
path:./subject10/white/class23/r3 depth:sk_depth:16:42 label:23
path:./subject10/white/class23/r4 depth:sk_depth:21:52 label:23
path:./subject10/white/class24/r0 depth:sk_depth:23:63 label:24
path:./subject10/white/class24/r1 depth:sk_depth:26:49 label:24
path:./subject10/white/class24/r2 depth:sk_depth:22:43 label:24
path:./subject10/white/class24/r3 depth:sk_depth:18:40 label:24
path:./subject10/white/class24/r4 depth:sk_depth:20:40 label:24
path:./subject10/white/class25/r0 depth:sk_depth:23:50 label:25
path:./subject10/white/class25/r1 depth:sk_depth:26:46 label:25
path:./subject10/white/class25/r2 depth:sk_depth:26:56 label:25
path:./subject10/white/class25/r3 depth:sk_depth:25:46 label:25
path:./subject10/white/class25/r4 depth:sk_depth:26:54 label:25
path:./subject10/white/class26/r0 depth:sk_depth:27:49 label:26
path:./subject10/white/class26/r1 depth:sk_depth:31:46 label:26
path:./subject10/white/class26/r2 depth:sk_depth:26:36 label:26
path:./subject10/white/class26/r3 depth:sk_depth:23:43 label:26
path:./subject10/white/class26/r4 depth:sk_depth:26:53 label:26
path:./subject10/white/class27/r0 depth:sk_depth:27:56 label:27
path:./subject10/white/class27/r1 depth:sk_depth:13:40 label:27
path:./subject10/white/class27/r2 depth:sk_depth:29:51 label:27
path:./subject10/white/class27/r3 depth:sk_depth:27:46 label:27
path:./subject10/white/class27/r4 depth:sk_depth:17:45 label:27
path:./subject2/bare/class1/r0 depth:sk_depth:20:58 label:1
path:./subject2/bare/class1/r1 depth:sk_depth:21:54 label:1
path:./subject2/bare/class1/r2 depth:sk_depth:18:48 label:1
path:./subject2/bare/class1/r3 depth:sk_depth:20:60 label:1
path:./subject2/bare/class1/r4 depth:sk_depth:18:58 label:1
path:./subject2/bare/class2/r0 depth:sk_depth:17:45 label:2
path:./subject2/bare/class2/r1 depth:sk_depth:16:51 label:2
path:./subject2/bare/class2/r2 depth:sk_depth:21:61 label:2
path:./subject2/bare/class2/r3 depth:sk_depth:21:61 label:2
path:./subject2/bare/class2/r4 depth:sk_depth:21:61 label:2
path:./subject2/bare/class3/r0 depth:sk_depth:12:34 label:3
path:./subject2/bare/class3/r1 depth:sk_depth:15:45 label:3
path:./subject2/bare/class3/r2 depth:sk_depth:17:45 label:3
path:./subject2/bare/class3/r3 depth:sk_depth:17:51 label:3
path:./subject2/bare/class3/r4 depth:sk_depth:17:54 label:3
path:./subject2/bare/class4/r0 depth:sk_depth:30:56 label:4
path:./subject2/bare/class4/r1 depth:sk_depth:28:64 label:4
path:./subject2/bare/class4/r2 depth:sk_depth:30:57 label:4
path:./subject2/bare/class4/r3 depth:sk_depth:30:64 label:4
path:./subject2/bare/class4/r4 depth:sk_depth:20:60 label:4
path:./subject2/bare/class5/r0 depth:sk_depth:17:53 label:5
path:./subject2/bare/class5/r1 depth:sk_depth:15:55 label:5
path:./subject2/bare/class5/r2 depth:sk_depth:16:56 label:5
path:./subject2/bare/class5/r3 depth:sk_depth:17:52 label:5
path:./subject2/bare/class5/r4 depth:sk_depth:22:62 label:5
path:./subject2/bare/class6/r0 depth:sk_depth:20:60 label:6
path:./subject2/bare/class6/r1 depth:sk_depth:18:58 label:6
path:./subject2/bare/class6/r2 depth:sk_depth:18:49 label:6
path:./subject2/bare/class6/r3 depth:sk_depth:18:57 label:6
path:./subject2/bare/class6/r4 depth:sk_depth:25:52 label:6
path:./subject2/bare/class7/r0 depth:sk_depth:21:52 label:7
path:./subject2/bare/class7/r1 depth:sk_depth:26:49 label:7
path:./subject2/bare/class7/r2 depth:sk_depth:23:32 label:7
path:./subject2/bare/class7/r3 depth:sk_depth:24:44 label:7
path:./subject2/bare/class7/r4 depth:sk_depth:19:44 label:7
path:./subject2/bare/class8/r0 depth:sk_depth:26:51 label:8
path:./subject2/bare/class8/r1 depth:sk_depth:25:31 label:8
path:./subject2/bare/class8/r2 depth:sk_depth:25:48 label:8
path:./subject2/bare/class8/r3 depth:sk_depth:19:35 label:8
path:./subject2/bare/class8/r4 depth:sk_depth:21:47 label:8
path:./subject2/bare/class9/r0 depth:sk_depth:20:54 label:9
path:./subject2/bare/class9/r1 depth:sk_depth:25:57 label:9
path:./subject2/bare/class9/r2 depth:sk_depth:17:53 label:9
path:./subject2/bare/class9/r3 depth:sk_depth:19:47 label:9
path:./subject2/bare/class9/r4 depth:sk_depth:19:48 label:9
path:./subject2/bare/class10/r0 depth:sk_depth:18:58 label:10
path:./subject2/bare/class10/r1 depth:sk_depth:17:45 label:10
path:./subject2/bare/class10/r2 depth:sk_depth:21:47 label:10
path:./subject2/bare/class10/r3 depth:sk_depth:14:49 label:10
path:./subject2/bare/class10/r4 depth:sk_depth:20:43 label:10
path:./subject2/bare/class11/r0 depth:sk_depth:22:53 label:11
path:./subject2/bare/class11/r1 depth:sk_depth:20:50 label:11
path:./subject2/bare/class11/r2 depth:sk_depth:21:51 label:11
path:./subject2/bare/class11/r3 depth:sk_depth:21:44 label:11
path:./subject2/bare/class11/r4 depth:sk_depth:17:46 label:11
path:./subject2/bare/class12/r0 depth:sk_depth:13:53 label:12
path:./subject2/bare/class12/r1 depth:sk_depth:14:47 label:12
path:./subject2/bare/class12/r2 depth:sk_depth:9:49 label:12
path:./subject2/bare/class12/r3 depth:sk_depth:9:45 label:12
path:./subject2/bare/class12/r4 depth:sk_depth:20:60 label:12
path:./subject2/bare/class13/r0 depth:sk_depth:19:43 label:13
path:./subject2/bare/class13/r1 depth:sk_depth:25:64 label:13
path:./subject2/bare/class13/r2 depth:sk_depth:14:54 label:13
path:./subject2/bare/class13/r3 depth:sk_depth:15:55 label:13
path:./subject2/bare/class13/r4 depth:sk_depth:20:51 label:13
path:./subject2/bare/class14/r0 depth:sk_depth:14:50 label:14
path:./subject2/bare/class14/r1 depth:sk_depth:6:38 label:14
path:./subject2/bare/class14/r2 depth:sk_depth:20:60 label:14
path:./subject2/bare/class14/r3 depth:sk_depth:15:55 label:14
path:./subject2/bare/class14/r4 depth:sk_depth:22:62 label:14
path:./subject2/bare/class15/r0 depth:sk_depth:17:46 label:15
path:./subject2/bare/class15/r1 depth:sk_depth:23:58 label:15
path:./subject2/bare/class15/r2 depth:sk_depth:21:49 label:15
path:./subject2/bare/class15/r3 depth:sk_depth:17:44 label:15
path:./subject2/bare/class15/r4 depth:sk_depth:32:52 label:15
path:./subject2/bare/class16/r0 depth:sk_depth:17:55 label:16
path:./subject2/bare/class16/r1 depth:sk_depth:21:51 label:16
path:./subject2/bare/class16/r2 depth:sk_depth:20:43 label:16
path:./subject2/bare/class16/r3 depth:sk_depth:19:50 label:16
path:./subject2/bare/class16/r4 depth:sk_depth:18:42 label:16
path:./subject2/bare/class17/r0 depth:sk_depth:24:49 label:17
path:./subject2/bare/class17/r1 depth:sk_depth:27:48 label:17
path:./subject2/bare/class17/r2 depth:sk_depth:29:56 label:17
path:./subject2/bare/class17/r3 depth:sk_depth:27:55 label:17
path:./subject2/bare/class17/r4 depth:sk_depth:23:51 label:17
path:./subject2/bare/class18/r0 depth:sk_depth:20:43 label:18
path:./subject2/bare/class18/r1 depth:sk_depth:18:38 label:18
path:./subject2/bare/class18/r2 depth:sk_depth:15:49 label:18
path:./subject2/bare/class18/r3 depth:sk_depth:16:49 label:18
path:./subject2/bare/class18/r4 depth:sk_depth:17:51 label:18
path:./subject2/bare/class19/r0 depth:sk_depth:14:54 label:19
path:./subject2/bare/class19/r1 depth:sk_depth:19:57 label:19
path:./subject2/bare/class19/r2 depth:sk_depth:18:43 label:19
path:./subject2/bare/class19/r3 depth:sk_depth:24:64 label:19
path:./subject2/bare/class19/r4 depth:sk_depth:24:48 label:19
path:./subject2/bare/class20/r0 depth:sk_depth:17:54 label:20
path:./subject2/bare/class20/r1 depth:sk_depth:7:41 label:20
path:./subject2/bare/class20/r2 depth:sk_depth:17:54 label:20
path:./subject2/bare/class20/r3 depth:sk_depth:10:39 label:20
path:./subject2/bare/class20/r4 depth:sk_depth:16:51 label:20
path:./subject2/bare/class21/r0 depth:sk_depth:18:53 label:21
path:./subject2/bare/class21/r1 depth:sk_depth:14:54 label:21
path:./subject2/bare/class21/r2 depth:sk_depth:11:42 label:21
path:./subject2/bare/class21/r3 depth:sk_depth:14:46 label:21
path:./subject2/bare/class21/r4 depth:sk_depth:13:53 label:21
path:./subject2/bare/class22/r0 depth:sk_depth:15:54 label:22
path:./subject2/bare/class22/r1 depth:sk_depth:15:48 label:22
path:./subject2/bare/class22/r2 depth:sk_depth:20:49 label:22
path:./subject2/bare/class22/r3 depth:sk_depth:14:52 label:22
path:./subject2/bare/class22/r4 depth:sk_depth:20:58 label:22
path:./subject2/bare/class23/r0 depth:sk_depth:13:45 label:23
path:./subject2/bare/class23/r1 depth:sk_depth:13:52 label:23
path:./subject2/bare/class23/r2 depth:sk_depth:16:50 label:23
path:./subject2/bare/class23/r3 depth:sk_depth:17:49 label:23
path:./subject2/bare/class23/r4 depth:sk_depth:14:51 label:23
path:./subject2/bare/class24/r0 depth:sk_depth:23:62 label:24
path:./subject2/bare/class24/r1 depth:sk_depth:21:46 label:24
path:./subject2/bare/class24/r2 depth:sk_depth:27:57 label:24
path:./subject2/bare/class24/r3 depth:sk_depth:19:42 label:24
path:./subject2/bare/class24/r4 depth:sk_depth:22:61 label:24
path:./subject2/bare/class25/r0 depth:sk_depth:21:61 label:25
path:./subject2/bare/class25/r1 depth:sk_depth:33:51 label:25
path:./subject2/bare/class25/r2 depth:sk_depth:30:70 label:25
path:./subject2/bare/class25/r3 depth:sk_depth:31:65 label:25
path:./subject2/bare/class25/r4 depth:sk_depth:32:72 label:25
path:./subject2/bare/class26/r0 depth:sk_depth:21:50 label:26
path:./subject2/bare/class26/r1 depth:sk_depth:19:57 label:26
path:./subject2/bare/class26/r2 depth:sk_depth:24:49 label:26
path:./subject2/bare/class26/r3 depth:sk_depth:22:42 label:26
path:./subject2/bare/class26/r4 depth:sk_depth:27:67 label:26
path:./subject2/bare/class27/r0 depth:sk_depth:16:49 label:27
path:./subject2/bare/class27/r1 depth:sk_depth:13:45 label:27
path:./subject2/bare/class27/r2 depth:sk_depth:9:37 label:27
path:./subject2/bare/class27/r3 depth:sk_depth:20:44 label:27
path:./subject2/bare/class27/r4 depth:sk_depth:20:40 label:27
path:./subject2/blue/class1/r0 depth:sk_depth:27:57 label:1
path:./subject2/blue/class1/r1 depth:sk_depth:23:47 label:1
path:./subject2/blue/class1/r2 depth:sk_depth:15:52 label:1
path:./subject2/blue/class1/r3 depth:sk_depth:23:63 label:1
path:./subject2/blue/class1/r4 depth:sk_depth:31:71 label:1
path:./subject2/blue/class2/r0 depth:sk_depth:21:52 label:2
path:./subject2/blue/class2/r1 depth:sk_depth:27:61 label:2
path:./subject2/blue/class2/r2 depth:sk_depth:29:56 label:2
path:./subject2/blue/class2/r3 depth:sk_depth:25:60 label:2
path:./subject2/blue/class2/r4 depth:sk_depth:30:51 label:2
path:./subject2/blue/class3/r0 depth:sk_depth:16:53 label:3
path:./subject2/blue/class3/r1 depth:sk_depth:27:57 label:3
path:./subject2/blue/class3/r2 depth:sk_depth:25:41 label:3
path:./subject2/blue/class3/r3 depth:sk_depth:12:31 label:3
path:./subject2/blue/class3/r4 depth:sk_depth:22:50 label:3
path:./subject2/blue/class4/r0 depth:sk_depth:31:57 label:4
path:./subject2/blue/class4/r1 depth:sk_depth:28:54 label:4
path:./subject2/blue/class4/r2 depth:sk_depth:28:47 label:4
path:./subject2/blue/class4/r3 depth:sk_depth:21:48 label:4
path:./subject2/blue/class4/r4 depth:sk_depth:31:55 label:4
path:./subject2/blue/class5/r0 depth:sk_depth:21:51 label:5
path:./subject2/blue/class5/r1 depth:sk_depth:19:43 label:5
path:./subject2/blue/class5/r2 depth:sk_depth:15:42 label:5
path:./subject2/blue/class5/r3 depth:sk_depth:21:44 label:5
path:./subject2/blue/class5/r4 depth:sk_depth:20:43 label:5
path:./subject2/blue/class6/r0 depth:sk_depth:23:52 label:6
path:./subject2/blue/class6/r1 depth:sk_depth:21:46 label:6
path:./subject2/blue/class6/r2 depth:sk_depth:24:64 label:6
path:./subject2/blue/class6/r3 depth:sk_depth:23:50 label:6
path:./subject2/blue/class6/r4 depth:sk_depth:30:50 label:6
path:./subject2/blue/class7/r0 depth:sk_depth:21:44 label:7
path:./subject2/blue/class7/r1 depth:sk_depth:19:48 label:7
path:./subject2/blue/class7/r2 depth:sk_depth:24:47 label:7
path:./subject2/blue/class7/r3 depth:sk_depth:23:47 label:7
path:./subject2/blue/class7/r4 depth:sk_depth:18:42 label:7
path:./subject2/blue/class8/r0 depth:sk_depth:28:56 label:8
path:./subject2/blue/class8/r1 depth:sk_depth:29:59 label:8
path:./subject2/blue/class8/r2 depth:sk_depth:24:59 label:8
path:./subject2/blue/class8/r3 depth:sk_depth:28:55 label:8
path:./subject2/blue/class8/r4 depth:sk_depth:23:55 label:8
path:./subject2/blue/class9/r0 depth:sk_depth:31:60 label:9
path:./subject2/blue/class9/r1 depth:sk_depth:25:47 label:9
path:./subject2/blue/class9/r2 depth:sk_depth:20:38 label:9
path:./subject2/blue/class9/r3 depth:sk_depth:22:54 label:9
path:./subject2/blue/class9/r4 depth:sk_depth:19:54 label:9
path:./subject2/blue/class10/r0 depth:sk_depth:21:54 label:10
path:./subject2/blue/class10/r1 depth:sk_depth:19:44 label:10
path:./subject2/blue/class10/r2 depth:sk_depth:15:41 label:10
path:./subject2/blue/class10/r3 depth:sk_depth:17:45 label:10
path:./subject2/blue/class10/r4 depth:sk_depth:26:61 label:10
path:./subject2/blue/class11/r0 depth:sk_depth:17:55 label:11
path:./subject2/blue/class11/r1 depth:sk_depth:25:46 label:11
path:./subject2/blue/class11/r2 depth:sk_depth:23:53 label:11
path:./subject2/blue/class11/r3 depth:sk_depth:19:41 label:11
path:./subject2/blue/class11/r4 depth:sk_depth:18:43 label:11
path:./subject2/blue/class12/r0 depth:sk_depth:15:55 label:12
path:./subject2/blue/class12/r1 depth:sk_depth:19:54 label:12
path:./subject2/blue/class12/r2 depth:sk_depth:17:50 label:12
path:./subject2/blue/class12/r3 depth:sk_depth:13:53 label:12
path:./subject2/blue/class12/r4 depth:sk_depth:15:46 label:12
path:./subject2/blue/class13/r0 depth:sk_depth:19:49 label:13
path:./subject2/blue/class13/r1 depth:sk_depth:12:52 label:13
path:./subject2/blue/class13/r2 depth:sk_depth:16:50 label:13
path:./subject2/blue/class13/r3 depth:sk_depth:18:38 label:13
path:./subject2/blue/class13/r4 depth:sk_depth:23:46 label:13
path:./subject2/blue/class14/r0 depth:sk_depth:25:54 label:14
path:./subject2/blue/class14/r1 depth:sk_depth:16:51 label:14
path:./subject2/blue/class14/r2 depth:sk_depth:23:54 label:14
path:./subject2/blue/class14/r3 depth:sk_depth:16:45 label:14
path:./subject2/blue/class14/r4 depth:sk_depth:21:55 label:14
path:./subject2/blue/class15/r0 depth:sk_depth:17:50 label:15
path:./subject2/blue/class15/r1 depth:sk_depth:26:50 label:15
path:./subject2/blue/class15/r2 depth:sk_depth:20:52 label:15
path:./subject2/blue/class15/r3 depth:sk_depth:20:51 label:15
path:./subject2/blue/class15/r4 depth:sk_depth:22:47 label:15
path:./subject2/blue/class16/r0 depth:sk_depth:17:49 label:16
path:./subject2/blue/class16/r1 depth:sk_depth:17:47 label:16
path:./subject2/blue/class16/r2 depth:sk_depth:15:45 label:16
path:./subject2/blue/class16/r3 depth:sk_depth:21:48 label:16
path:./subject2/blue/class16/r4 depth:sk_depth:22:48 label:16
path:./subject2/blue/class17/r0 depth:sk_depth:33:69 label:17
path:./subject2/blue/class17/r1 depth:sk_depth:34:62 label:17
path:./subject2/blue/class17/r2 depth:sk_depth:31:60 label:17
path:./subject2/blue/class17/r3 depth:sk_depth:30:53 label:17
path:./subject2/blue/class17/r4 depth:sk_depth:28:47 label:17
path:./subject2/blue/class18/r0 depth:sk_depth:17:49 label:18
path:./subject2/blue/class18/r1 depth:sk_depth:18:55 label:18
path:./subject2/blue/class18/r2 depth:sk_depth:18:38 label:18
path:./subject2/blue/class18/r3 depth:sk_depth:19:38 label:18
path:./subject2/blue/class18/r4 depth:sk_depth:15:43 label:18
path:./subject2/blue/class19/r0 depth:sk_depth:13:52 label:19
path:./subject2/blue/class19/r1 depth:sk_depth:18:57 label:19
path:./subject2/blue/class19/r2 depth:sk_depth:17:44 label:19
path:./subject2/blue/class19/r3 depth:sk_depth:14:39 label:19
path:./subject2/blue/class19/r4 depth:sk_depth:16:50 label:19
path:./subject2/blue/class20/r0 depth:sk_depth:17:57 label:20
path:./subject2/blue/class20/r1 depth:sk_depth:21:54 label:20
path:./subject2/blue/class20/r2 depth:sk_depth:15:50 label:20
path:./subject2/blue/class20/r3 depth:sk_depth:19:56 label:20
path:./subject2/blue/class20/r4 depth:sk_depth:21:61 label:20
path:./subject2/blue/class21/r0 depth:sk_depth:15:53 label:21
path:./subject2/blue/class21/r1 depth:sk_depth:19:52 label:21
path:./subject2/blue/class21/r2 depth:sk_depth:15:48 label:21
path:./subject2/blue/class21/r3 depth:sk_depth:15:50 label:21
path:./subject2/blue/class21/r4 depth:sk_depth:17:57 label:21
path:./subject2/blue/class22/r0 depth:sk_depth:15:47 label:22
path:./subject2/blue/class22/r1 depth:sk_depth:15:39 label:22
path:./subject2/blue/class22/r2 depth:sk_depth:15:49 label:22
path:./subject2/blue/class22/r3 depth:sk_depth:16:52 label:22
path:./subject2/blue/class22/r4 depth:sk_depth:21:48 label:22
path:./subject2/blue/class23/r0 depth:sk_depth:13:37 label:23
path:./subject2/blue/class23/r1 depth:sk_depth:13:46 label:23
path:./subject2/blue/class23/r2 depth:sk_depth:13:48 label:23
path:./subject2/blue/class23/r3 depth:sk_depth:14:49 label:23
path:./subject2/blue/class23/r4 depth:sk_depth:13:48 label:23
path:./subject2/blue/class24/r0 depth:sk_depth:20:45 label:24
path:./subject2/blue/class24/r1 depth:sk_depth:28:39 label:24
path:./subject2/blue/class24/r2 depth:sk_depth:26:52 label:24
path:./subject2/blue/class24/r3 depth:sk_depth:22:59 label:24
path:./subject2/blue/class24/r4 depth:sk_depth:24:48 label:24
path:./subject2/blue/class25/r0 depth:sk_depth:23:57 label:25
path:./subject2/blue/class25/r1 depth:sk_depth:25:50 label:25
path:./subject2/blue/class25/r2 depth:sk_depth:23:61 label:25
path:./subject2/blue/class25/r3 depth:sk_depth:20:60 label:25
path:./subject2/blue/class25/r4 depth:sk_depth:26:50 label:25
path:./subject2/blue/class26/r0 depth:sk_depth:18:48 label:26
path:./subject2/blue/class26/r1 depth:sk_depth:33:55 label:26
path:./subject2/blue/class26/r2 depth:sk_depth:25:58 label:26
path:./subject2/blue/class26/r3 depth:sk_depth:36:63 label:26
path:./subject2/blue/class26/r4 depth:sk_depth:22:51 label:26
path:./subject2/blue/class27/r0 depth:sk_depth:15:50 label:27
path:./subject2/blue/class27/r1 depth:sk_depth:18:49 label:27
path:./subject2/blue/class27/r2 depth:sk_depth:22:53 label:27
path:./subject2/blue/class27/r3 depth:sk_depth:21:48 label:27
path:./subject2/blue/class27/r4 depth:sk_depth:19:57 label:27
path:./subject2/white/class1/r0 depth:sk_depth:24:64 label:1
path:./subject2/white/class1/r1 depth:sk_depth:26:52 label:1
path:./subject2/white/class1/r2 depth:sk_depth:23:45 label:1
path:./subject2/white/class1/r3 depth:sk_depth:28:58 label:1
path:./subject2/white/class1/r4 depth:sk_depth:20:54 label:1
path:./subject2/white/class2/r0 depth:sk_depth:16:49 label:2
path:./subject2/white/class2/r1 depth:sk_depth:17:49 label:2
path:./subject2/white/class2/r2 depth:sk_depth:22:62 label:2
path:./subject2/white/class2/r3 depth:sk_depth:22:58 label:2
path:./subject2/white/class2/r4 depth:sk_depth:22:57 label:2
path:./subject2/white/class3/r0 depth:sk_depth:15:55 label:3
path:./subject2/white/class3/r1 depth:sk_depth:17:50 label:3
path:./subject2/white/class3/r2 depth:sk_depth:17:49 label:3
path:./subject2/white/class3/r3 depth:sk_depth:17:50 label:3
path:./subject2/white/class3/r4 depth:sk_depth:13:50 label:3
path:./subject2/white/class4/r0 depth:sk_depth:23:47 label:4
path:./subject2/white/class4/r1 depth:sk_depth:28:57 label:4
path:./subject2/white/class4/r2 depth:sk_depth:29:54 label:4
path:./subject2/white/class4/r3 depth:sk_depth:27:53 label:4
path:./subject2/white/class4/r4 depth:sk_depth:24:59 label:4
path:./subject2/white/class5/r0 depth:sk_depth:15:55 label:5
path:./subject2/white/class5/r1 depth:sk_depth:20:46 label:5
path:./subject2/white/class5/r2 depth:sk_depth:19:47 label:5
path:./subject2/white/class5/r3 depth:sk_depth:17:55 label:5
path:./subject2/white/class5/r4 depth:sk_depth:21:61 label:5
path:./subject2/white/class6/r0 depth:sk_depth:23:58 label:6
path:./subject2/white/class6/r1 depth:sk_depth:15:52 label:6
path:./subject2/white/class6/r2 depth:sk_depth:20:56 label:6
path:./subject2/white/class6/r3 depth:sk_depth:20:54 label:6
path:./subject2/white/class6/r4 depth:sk_depth:19:50 label:6
path:./subject2/white/class7/r0 depth:sk_depth:22:52 label:7
path:./subject2/white/class7/r1 depth:sk_depth:23:53 label:7
path:./subject2/white/class7/r2 depth:sk_depth:19:56 label:7
path:./subject2/white/class7/r3 depth:sk_depth:18:48 label:7
path:./subject2/white/class7/r4 depth:sk_depth:20:48 label:7
path:./subject2/white/class8/r0 depth:sk_depth:23:51 label:8
path:./subject2/white/class8/r1 depth:sk_depth:25:60 label:8
path:./subject2/white/class8/r2 depth:sk_depth:26:62 label:8
path:./subject2/white/class8/r3 depth:sk_depth:23:59 label:8
path:./subject2/white/class8/r4 depth:sk_depth:25:63 label:8
path:./subject2/white/class9/r0 depth:sk_depth:16:53 label:9
path:./subject2/white/class9/r1 depth:sk_depth:19:56 label:9
path:./subject2/white/class9/r2 depth:sk_depth:17:51 label:9
path:./subject2/white/class9/r3 depth:sk_depth:18:57 label:9
path:./subject2/white/class9/r4 depth:sk_depth:19:59 label:9
path:./subject2/white/class10/r0 depth:sk_depth:17:57 label:10
path:./subject2/white/class10/r1 depth:sk_depth:17:49 label:10
path:./subject2/white/class10/r2 depth:sk_depth:21:43 label:10
path:./subject2/white/class10/r3 depth:sk_depth:21:47 label:10
path:./subject2/white/class10/r4 depth:sk_depth:15:50 label:10
path:./subject2/white/class11/r0 depth:sk_depth:21:45 label:11
path:./subject2/white/class11/r1 depth:sk_depth:17:50 label:11
path:./subject2/white/class11/r2 depth:sk_depth:16:50 label:11
path:./subject2/white/class11/r3 depth:sk_depth:16:56 label:11
path:./subject2/white/class11/r4 depth:sk_depth:17:57 label:11
path:./subject2/white/class12/r0 depth:sk_depth:18:58 label:12
path:./subject2/white/class12/r1 depth:sk_depth:17:57 label:12
path:./subject2/white/class12/r2 depth:sk_depth:14:54 label:12
path:./subject2/white/class12/r3 depth:sk_depth:17:57 label:12
path:./subject2/white/class12/r4 depth:sk_depth:15:53 label:12
path:./subject2/white/class13/r0 depth:sk_depth:16:56 label:13
path:./subject2/white/class13/r1 depth:sk_depth:19:50 label:13
path:./subject2/white/class13/r2 depth:sk_depth:19:45 label:13
path:./subject2/white/class13/r3 depth:sk_depth:19:55 label:13
path:./subject2/white/class13/r4 depth:sk_depth:21:45 label:13
path:./subject2/white/class14/r0 depth:sk_depth:19:50 label:14
path:./subject2/white/class14/r1 depth:sk_depth:22:48 label:14
path:./subject2/white/class14/r2 depth:sk_depth:21:55 label:14
path:./subject2/white/class14/r3 depth:sk_depth:27:53 label:14
path:./subject2/white/class14/r4 depth:sk_depth:15:54 label:14
path:./subject2/white/class15/r0 depth:sk_depth:23:46 label:15
path:./subject2/white/class15/r1 depth:sk_depth:26:47 label:15
path:./subject2/white/class15/r2 depth:sk_depth:21:46 label:15
path:./subject2/white/class15/r3 depth:sk_depth:21:48 label:15
path:./subject2/white/class15/r4 depth:sk_depth:26:60 label:15
path:./subject2/white/class16/r0 depth:sk_depth:19:50 label:16
path:./subject2/white/class16/r1 depth:sk_depth:13:40 label:16
path:./subject2/white/class16/r2 depth:sk_depth:19:48 label:16
path:./subject2/white/class16/r3 depth:sk_depth:14:45 label:16
path:./subject2/white/class16/r4 depth:sk_depth:18:50 label:16
path:./subject2/white/class17/r0 depth:sk_depth:28:57 label:17
path:./subject2/white/class17/r1 depth:sk_depth:28:45 label:17
path:./subject2/white/class17/r2 depth:sk_depth:25:47 label:17
path:./subject2/white/class17/r3 depth:sk_depth:23:54 label:17
path:./subject2/white/class17/r4 depth:sk_depth:21:47 label:17
path:./subject2/white/class18/r0 depth:sk_depth:11:34 label:18
path:./subject2/white/class18/r1 depth:sk_depth:18:48 label:18
path:./subject2/white/class18/r2 depth:sk_depth:15:45 label:18
path:./subject2/white/class18/r3 depth:sk_depth:17:42 label:18
path:./subject2/white/class18/r4 depth:sk_depth:15:41 label:18
path:./subject2/white/class19/r0 depth:sk_depth:15:50 label:19
path:./subject2/white/class19/r1 depth:sk_depth:17:38 label:19
path:./subject2/white/class19/r2 depth:sk_depth:17:43 label:19
path:./subject2/white/class19/r3 depth:sk_depth:20:60 label:19
path:./subject2/white/class19/r4 depth:sk_depth:20:60 label:19
path:./subject2/white/class20/r0 depth:sk_depth:20:60 label:20
path:./subject2/white/class20/r1 depth:sk_depth:19:52 label:20
path:./subject2/white/class20/r2 depth:sk_depth:13:37 label:20
path:./subject2/white/class20/r3 depth:sk_depth:18:58 label:20
path:./subject2/white/class20/r4 depth:sk_depth:14:47 label:20
path:./subject2/white/class21/r0 depth:sk_depth:16:56 label:21
path:./subject2/white/class21/r1 depth:sk_depth:22:62 label:21
path:./subject2/white/class21/r2 depth:sk_depth:17:50 label:21
path:./subject2/white/class21/r3 depth:sk_depth:18:49 label:21
path:./subject2/white/class21/r4 depth:sk_depth:20:55 label:21
path:./subject2/white/class22/r0 depth:sk_depth:23:56 label:22
path:./subject2/white/class22/r1 depth:sk_depth:20:47 label:22
path:./subject2/white/class22/r2 depth:sk_depth:21:53 label:22
path:./subject2/white/class22/r3 depth:sk_depth:21:49 label:22
path:./subject2/white/class22/r4 depth:sk_depth:19:52 label:22
path:./subject2/white/class23/r0 depth:sk_depth:11:45 label:23
path:./subject2/white/class23/r1 depth:sk_depth:13:40 label:23
path:./subject2/white/class23/r2 depth:sk_depth:17:52 label:23
path:./subject2/white/class23/r3 depth:sk_depth:13:51 label:23
path:./subject2/white/class23/r4 depth:sk_depth:14:53 label:23
path:./subject2/white/class24/r0 depth:sk_depth:30:56 label:24
path:./subject2/white/class24/r1 depth:sk_depth:19:35 label:24
path:./subject2/white/class24/r2 depth:sk_depth:22:46 label:24
path:./subject2/white/class24/r3 depth:sk_depth:13:48 label:24
path:./subject2/white/class24/r4 depth:sk_depth:22:56 label:24
path:./subject2/white/class25/r0 depth:sk_depth:23:47 label:25
path:./subject2/white/class25/r1 depth:sk_depth:20:46 label:25
path:./subject2/white/class25/r2 depth:sk_depth:23:51 label:25
path:./subject2/white/class25/r3 depth:sk_depth:22:54 label:25
path:./subject2/white/class25/r4 depth:sk_depth:20:54 label:25
path:./subject2/white/class26/r0 depth:sk_depth:25:63 label:26
path:./subject2/white/class26/r1 depth:sk_depth:27:55 label:26
path:./subject2/white/class26/r2 depth:sk_depth:27:56 label:26
path:./subject2/white/class26/r3 depth:sk_depth:24:56 label:26
path:./subject2/white/class26/r4 depth:sk_depth:16:54 label:26
path:./subject2/white/class27/r0 depth:sk_depth:16:39 label:27
path:./subject2/white/class27/r1 depth:sk_depth:22:48 label:27
path:./subject2/white/class27/r2 depth:sk_depth:15:38 label:27
path:./subject2/white/class27/r3 depth:sk_depth:13:46 label:27
path:./subject2/white/class27/r4 depth:sk_depth:16:45 label:27