path:./subject7/bare/class1/r0 depth:sk_depth:26:55 label:1 
path:./subject7/bare/class1/r1 depth:sk_depth:20:53 label:1
path:./subject7/bare/class1/r2 depth:sk_depth:20:60 label:1
path:./subject7/bare/class1/r3 depth:sk_depth:26:47 label:1
path:./subject7/bare/class1/r4 depth:sk_depth:26:52 label:1
path:./subject7/bare/class2/r0 depth:sk_depth:32:49 label:2
path:./subject7/bare/class2/r1 depth:sk_depth:34:53 label:2
path:./subject7/bare/class2/r2 depth:sk_depth:30:56 label:2
path:./subject7/bare/class2/r3 depth:sk_depth:34:55 label:2
path:./subject7/bare/class2/r4 depth:sk_depth:38:63 label:2
path:./subject7/bare/class3/r0 depth:sk_depth:22:52 label:3
path:./subject7/bare/class3/r1 depth:sk_depth:25:45 label:3
path:./subject7/bare/class3/r2 depth:sk_depth:24:45 label:3
path:./subject7/bare/class3/r3 depth:sk_depth:27:47 label:3
path:./subject7/bare/class3/r4 depth:sk_depth:26:50 label:3
path:./subject7/bare/class4/r0 depth:sk_depth:26:53 label:4
path:./subject7/bare/class4/r1 depth:sk_depth:30:50 label:4
path:./subject7/bare/class4/r2 depth:sk_depth:39:53 label:4
path:./subject7/bare/class4/r3 depth:sk_depth:41:53 label:4
path:./subject7/bare/class4/r4 depth:sk_depth:27:57 label:4
path:./subject7/bare/class5/r0 depth:sk_depth:20:51 label:5
path:./subject7/bare/class5/r1 depth:sk_depth:19:54 label:5
path:./subject7/bare/class5/r2 depth:sk_depth:27:49 label:5
path:./subject7/bare/class5/r3 depth:sk_depth:24:58 label:5
path:./subject7/bare/class5/r4 depth:sk_depth:19:45 label:5
path:./subject7/bare/class6/r0 depth:sk_depth:29:49 label:6
path:./subject7/bare/class6/r1 depth:sk_depth:26:42 label:6
path:./subject7/bare/class6/r2 depth:sk_depth:24:44 label:6
path:./subject7/bare/class6/r3 depth:sk_depth:23:48 label:6
path:./subject7/bare/class6/r4 depth:sk_depth:23:36 label:6
path:./subject7/bare/class7/r0 depth:sk_depth:26:44 label:7
path:./subject7/bare/class7/r1 depth:sk_depth:22:48 label:7
path:./subject7/bare/class7/r2 depth:sk_depth:25:53 label:7
path:./subject7/bare/class7/r3 depth:sk_depth:27:58 label:7
path:./subject7/bare/class7/r4 depth:sk_depth:29:59 label:7
path:./subject7/bare/class8/r0 depth:sk_depth:33:44 label:8
path:./subject7/bare/class8/r1 depth:sk_depth:27:50 label:8
path:./subject7/bare/class8/r2 depth:sk_depth:25:45 label:8
path:./subject7/bare/class8/r3 depth:sk_depth:32:51 label:8
path:./subject7/bare/class8/r4 depth:sk_depth:19:39 label:8
path:./subject7/bare/class9/r0 depth:sk_depth:18:38 label:9
path:./subject7/bare/class9/r1 depth:sk_depth:20:55 label:9
path:./subject7/bare/class9/r2 depth:sk_depth:27:49 label:9
path:./subject7/bare/class9/r3 depth:sk_depth:25:57 label:9
path:./subject7/bare/class9/r4 depth:sk_depth:24:44 label:9
path:./subject7/bare/class10/r0 depth:sk_depth:18:38 label:10
path:./subject7/bare/class10/r1 depth:sk_depth:24:44 label:10
path:./subject7/bare/class10/r2 depth:sk_depth:26:47 label:10
path:./subject7/bare/class10/r3 depth:sk_depth:24:49 label:10
path:./subject7/bare/class10/r4 depth:sk_depth:21:43 label:10
path:./subject7/bare/class11/r0 depth:sk_depth:29:50 label:11
path:./subject7/bare/class11/r1 depth:sk_depth:18:49 label:11
path:./subject7/bare/class11/r2 depth:sk_depth:25:49 label:11
path:./subject7/bare/class11/r3 depth:sk_depth:17:47 label:11
path:./subject7/bare/class11/r4 depth:sk_depth:19:54 label:11
path:./subject7/bare/class12/r0 depth:sk_depth:14:54 label:12
path:./subject7/bare/class12/r1 depth:sk_depth:14:54 label:12
path:./subject7/bare/class12/r2 depth:sk_depth:16:43 label:12
path:./subject7/bare/class12/r3 depth:sk_depth:15:48 label:12
path:./subject7/bare/class12/r4 depth:sk_depth:12:52 label:12
path:./subject7/bare/class13/r0 depth:sk_depth:23:43 label:13
path:./subject7/bare/class13/r1 depth:sk_depth:15:45 label:13
path:./subject7/bare/class13/r2 depth:sk_depth:22:51 label:13
path:./subject7/bare/class13/r3 depth:sk_depth:13:48 label:13
path:./subject7/bare/class13/r4 depth:sk_depth:17:44 label:13
path:./subject7/bare/class14/r0 depth:sk_depth:13:53 label:14
path:./subject7/bare/class14/r1 depth:sk_depth:12:51 label:14
path:./subject7/bare/class14/r2 depth:sk_depth:18:42 label:14
path:./subject7/bare/class14/r3 depth:sk_depth:14:53 label:14
path:./subject7/bare/class14/r4 depth:sk_depth:12:49 label:14
path:./subject7/bare/class15/r0 depth:sk_depth:16:56 label:15
path:./subject7/bare/class15/r1 depth:sk_depth:18:49 label:15
path:./subject7/bare/class15/r2 depth:sk_depth:19:60 label:15
path:./subject7/bare/class15/r3 depth:sk_depth:22:61 label:15
path:./subject7/bare/class15/r4 depth:sk_depth:28:54 label:15
path:./subject7/bare/class16/r0 depth:sk_depth:24:50 label:16
path:./subject7/bare/class16/r1 depth:sk_depth:18:46 label:16
path:./subject7/bare/class16/r2 depth:sk_depth:22:59 label:16
path:./subject7/bare/class16/r3 depth:sk_depth:22:44 label:16
path:./subject7/bare/class16/r4 depth:sk_depth:23:50 label:16
path:./subject7/bare/class17/r0 depth:sk_depth:24:44 label:17
path:./subject7/bare/class17/r1 depth:sk_depth:26:50 label:17
path:./subject7/bare/class17/r2 depth:sk_depth:35:57 label:17
path:./subject7/bare/class17/r3 depth:sk_depth:29:50 label:17
path:./subject7/bare/class17/r4 depth:sk_depth:36:68 label:17
path:./subject7/bare/class18/r0 depth:sk_depth:22:57 label:18
path:./subject7/bare/class18/r1 depth:sk_depth:19:54 label:18
path:./subject7/bare/class18/r2 depth:sk_depth:30:70 label:18
path:./subject7/bare/class18/r3 depth:sk_depth:21:54 label:18
path:./subject7/bare/class18/r4 depth:sk_depth:18:48 label:18
path:./subject7/bare/class19/r0 depth:sk_depth:23:59 label:19
path:./subject7/bare/class19/r1 depth:sk_depth:32:55 label:19
path:./subject7/bare/class19/r2 depth:sk_depth:26:66 label:19
path:./subject7/bare/class19/r3 depth:sk_depth:28:60 label:19
path:./subject7/bare/class19/r4 depth:sk_depth:18:54 label:19
path:./subject7/bare/class20/r0 depth:sk_depth:24:62 label:20
path:./subject7/bare/class20/r1 depth:sk_depth:20:60 label:20
path:./subject7/bare/class20/r2 depth:sk_depth:24:64 label:20
path:./subject7/bare/class20/r3 depth:sk_depth:23:57 label:20
path:./subject7/bare/class20/r4 depth:sk_depth:24:64 label:20
path:./subject7/bare/class21/r0 depth:sk_depth:25:58 label:21
path:./subject7/bare/class21/r1 depth:sk_depth:31:71 label:21
path:./subject7/bare/class21/r2 depth:sk_depth:27:67 label:21
path:./subject7/bare/class21/r3 depth:sk_depth:23:63 label:21
path:./subject7/bare/class21/r4 depth:sk_depth:24:64 label:21
path:./subject7/bare/class22/r0 depth:sk_depth:20:43 label:22
path:./subject7/bare/class22/r1 depth:sk_depth:14:36 label:22
path:./subject7/bare/class22/r2 depth:sk_depth:16:42 label:22
path:./subject7/bare/class22/r3 depth:sk_depth:14:47 label:22
path:./subject7/bare/class22/r4 depth:sk_depth:17:49 label:22
path:./subject7/bare/class23/r0 depth:sk_depth:16:51 label:23
path:./subject7/bare/class23/r1 depth:sk_depth:24:57 label:23
path:./subject7/bare/class23/r2 depth:sk_depth:20:46 label:23
path:./subject7/bare/class23/r3 depth:sk_depth:13:39 label:23
path:./subject7/bare/class23/r4 depth:sk_depth:17:47 label:23
path:./subject7/bare/class24/r0 depth:sk_depth:20:44 label:24
path:./subject7/bare/class24/r1 depth:sk_depth:21:49 label:24
path:./subject7/bare/class24/r2 depth:sk_depth:21:54 label:24
path:./subject7/bare/class24/r3 depth:sk_depth:17:38 label:24
path:./subject7/bare/class24/r4 depth:sk_depth:15:48 label:24
path:./subject7/bare/class25/r0 depth:sk_depth:20:56 label:25
path:./subject7/bare/class25/r1 depth:sk_depth:16:46 label:25
path:./subject7/bare/class25/r2 depth:sk_depth:18:56 label:25
path:./subject7/bare/class25/r3 depth:sk_depth:20:60 label:25
path:./subject7/bare/class25/r4 depth:sk_depth:20:40 label:25
path:./subject7/bare/class26/r0 depth:sk_depth:24:59 label:26
path:./subject7/bare/class26/r1 depth:sk_depth:21:55 label:26
path:./subject7/bare/class26/r2 depth:sk_depth:19:51 label:26
path:./subject7/bare/class26/r3 depth:sk_depth:25:43 label:26
path:./subject7/bare/class26/r4 depth:sk_depth:14:53 label:26
path:./subject7/bare/class27/r0 depth:sk_depth:25:46 label:27
path:./subject7/bare/class27/r1 depth:sk_depth:22:47 label:27
path:./subject7/bare/class27/r2 depth:sk_depth:25:40 label:27
path:./subject7/bare/class27/r3 depth:sk_depth:30:52 label:27
path:./subject7/bare/class27/r4 depth:sk_depth:29:56 label:27
path:./subject7/blue/class1/r0 depth:sk_depth:32:56 label:1
path:./subject7/blue/class1/r1 depth:sk_depth:34:74 label:1
path:./subject7/blue/class1/r2 depth:sk_depth:34:66 label:1
path:./subject7/blue/class1/r3 depth:sk_depth:27:55 label:1
path:./subject7/blue/class1/r4 depth:sk_depth:31:69 label:1
path:./subject7/blue/class2/r0 depth:sk_depth:43:77 label:2
path:./subject7/blue/class2/r1 depth:sk_depth:54:83 label:2
path:./subject7/blue/class2/r2 depth:sk_depth:42:77 label:2
path:./subject7/blue/class2/r3 depth:sk_depth:41:77 label:2
path:./subject7/blue/class2/r4 depth:sk_depth:42:62 label:2
path:./subject7/blue/class3/r0 depth:sk_depth:26:57 label:3
path:./subject7/blue/class3/r1 depth:sk_depth:22:51 label:3
path:./subject7/blue/class3/r2 depth:sk_depth:29:59 label:3
path:./subject7/blue/class3/r3 depth:sk_depth:35:50 label:3
path:./subject7/blue/class3/r4 depth:sk_depth:30:50 label:3
path:./subject7/blue/class4/r0 depth:sk_depth:39:69 label:4
path:./subject7/blue/class4/r1 depth:sk_depth:23:56 label:4
path:./subject7/blue/class4/r2 depth:sk_depth:27:51 label:4
path:./subject7/blue/class4/r3 depth:sk_depth:24:48 label:4
path:./subject7/blue/class4/r4 depth:sk_depth:28:63 label:4
path:./subject7/blue/class5/r0 depth:sk_depth:29:61 label:5
path:./subject7/blue/class5/r1 depth:sk_depth:18:51 label:5
path:./subject7/blue/class5/r2 depth:sk_depth:28:65 label:5
path:./subject7/blue/class5/r3 depth:sk_depth:20:43 label:5
path:./subject7/blue/class5/r4 depth:sk_depth:34:58 label:5
path:./subject7/blue/class6/r0 depth:sk_depth:35:60 label:6
path:./subject7/blue/class6/r1 depth:sk_depth:39:64 label:6
path:./subject7/blue/class6/r2 depth:sk_depth:43:55 label:6
path:./subject7/blue/class6/r3 depth:sk_depth:34:50 label:6
path:./subject7/blue/class6/r4 depth:sk_depth:47:69 label:6
path:./subject7/blue/class7/r0 depth:sk_depth:24:47 label:7
path:./subject7/blue/class7/r1 depth:sk_depth:24:51 label:7
path:./subject7/blue/class7/r2 depth:sk_depth:23:55 label:7
path:./subject7/blue/class7/r3 depth:sk_depth:25:45 label:7
path:./subject7/blue/class7/r4 depth:sk_depth:23:51 label:7
path:./subject7/blue/class8/r0 depth:sk_depth:26:55 label:8
path:./subject7/blue/class8/r1 depth:sk_depth:33:57 label:8
path:./subject7/blue/class8/r2 depth:sk_depth:35:46 label:8
path:./subject7/blue/class8/r3 depth:sk_depth:42:64 label:8
path:./subject7/blue/class8/r4 depth:sk_depth:42:62 label:8
path:./subject7/blue/class9/r0 depth:sk_depth:29:44 label:9
path:./subject7/blue/class9/r1 depth:sk_depth:23:49 label:9
path:./subject7/blue/class9/r2 depth:sk_depth:24:38 label:9
path:./subject7/blue/class9/r3 depth:sk_depth:26:50 label:9
path:./subject7/blue/class9/r4 depth:sk_depth:29:52 label:9
path:./subject7/blue/class10/r0 depth:sk_depth:25:45 label:10
path:./subject7/blue/class10/r1 depth:sk_depth:29:40 label:10
path:./subject7/blue/class10/r2 depth:sk_depth:35:56 label:10
path:./subject7/blue/class10/r3 depth:sk_depth:38:52 label:10
path:./subject7/blue/class10/r4 depth:sk_depth:23:47 label:10
path:./subject7/blue/class11/r0 depth:sk_depth:19:52 label:11
path:./subject7/blue/class11/r1 depth:sk_depth:28:51 label:11
path:./subject7/blue/class11/r2 depth:sk_depth:21:53 label:11
path:./subject7/blue/class11/r3 depth:sk_depth:27:62 label:11
path:./subject7/blue/class11/r4 depth:sk_depth:20:53 label:11
path:./subject7/blue/class12/r0 depth:sk_depth:21:61 label:12
path:./subject7/blue/class12/r1 depth:sk_depth:20:60 label:12
path:./subject7/blue/class12/r2 depth:sk_depth:19:45 label:12
path:./subject7/blue/class12/r3 depth:sk_depth:22:56 label:12
path:./subject7/blue/class12/r4 depth:sk_depth:20:54 label:12
path:./subject7/blue/class13/r0 depth:sk_depth:19:50 label:13
path:./subject7/blue/class13/r1 depth:sk_depth:22:52 label:13
path:./subject7/blue/class13/r2 depth:sk_depth:20:42 label:13
path:./subject7/blue/class13/r3 depth:sk_depth:12:52 label:13
path:./subject7/blue/class13/r4 depth:sk_depth:18:58 label:13
path:./subject7/blue/class14/r0 depth:sk_depth:19:52 label:14
path:./subject7/blue/class14/r1 depth:sk_depth:23:58 label:14
path:./subject7/blue/class14/r2 depth:sk_depth:20:47 label:14
path:./subject7/blue/class14/r3 depth:sk_depth:24:57 label:14
path:./subject7/blue/class14/r4 depth:sk_depth:29:56 label:14
path:./subject7/blue/class15/r0 depth:sk_depth:27:53 label:15
path:./subject7/blue/class15/r1 depth:sk_depth:28:61 label:15
path:./subject7/blue/class15/r2 depth:sk_depth:33:69 label:15
path:./subject7/blue/class15/r3 depth:sk_depth:25:51 label:15
path:./subject7/blue/class15/r4 depth:sk_depth:29:55 label:15
path:./subject7/blue/class16/r0 depth:sk_depth:19:44 label:16
path:./subject7/blue/class16/r1 depth:sk_depth:21:53 label:16
path:./subject7/blue/class16/r2 depth:sk_depth:25:57 label:16
path:./subject7/blue/class16/r3 depth:sk_depth:25:40 label:16
path:./subject7/blue/class16/r4 depth:sk_depth:23:34 label:16
path:./subject7/blue/class17/r0 depth:sk_depth:38:64 label:17
path:./subject7/blue/class17/r1 depth:sk_depth:39:70 label:17
path:./subject7/blue/class17/r2 depth:sk_depth:43:68 label:17
path:./subject7/blue/class17/r3 depth:sk_depth:42:62 label:17
path:./subject7/blue/class17/r4 depth:sk_depth:38:78 label:17
path:./subject7/blue/class18/r0 depth:sk_depth:20:57 label:18
path:./subject7/blue/class18/r1 depth:sk_depth:11:34 label:18
path:./subject7/blue/class18/r2 depth:sk_depth:21:52 label:18
path:./subject7/blue/class18/r3 depth:sk_depth:26:53 label:18
path:./subject7/blue/class18/r4 depth:sk_depth:22:60 label:18
path:./subject7/blue/class19/r0 depth:sk_depth:23:49 label:19
path:./subject7/blue/class19/r1 depth:sk_depth:25:62 label:19
path:./subject7/blue/class19/r2 depth:sk_depth:24:55 label:19
path:./subject7/blue/class19/r3 depth:sk_depth:24:54 label:19
path:./subject7/blue/class19/r4 depth:sk_depth:18:38 label:19
path:./subject7/blue/class20/r0 depth:sk_depth:32:72 label:20
path:./subject7/blue/class20/r1 depth:sk_depth:39:79 label:20
path:./subject7/blue/class20/r2 depth:sk_depth:26:66 label:20
path:./subject7/blue/class20/r3 depth:sk_depth:34:74 label:20
path:./subject7/blue/class20/r4 depth:sk_depth:32:67 label:20
path:./subject7/blue/class21/r0 depth:sk_depth:25:64 label:21
path:./subject7/blue/class21/r1 depth:sk_depth:38:68 label:21
path:./subject7/blue/class21/r2 depth:sk_depth:33:73 label:21
path:./subject7/blue/class21/r3 depth:sk_depth:32:72 label:21
path:./subject7/blue/class21/r4 depth:sk_depth:34:74 label:21
path:./subject7/blue/class22/r0 depth:sk_depth:22:48 label:22
path:./subject7/blue/class22/r1 depth:sk_depth:25:47 label:22
path:./subject7/blue/class22/r2 depth:sk_depth:20:42 label:22
path:./subject7/blue/class22/r3 depth:sk_depth:27:49 label:22
path:./subject7/blue/class22/r4 depth:sk_depth:25:55 label:22
path:./subject7/blue/class23/r0 depth:sk_depth:21:58 label:23
path:./subject7/blue/class23/r1 depth:sk_depth:20:56 label:23
path:./subject7/blue/class23/r2 depth:sk_depth:26:51 label:23
path:./subject7/blue/class23/r3 depth:sk_depth:24:53 label:23
path:./subject7/blue/class23/r4 depth:sk_depth:24:57 label:23
path:./subject7/blue/class24/r0 depth:sk_depth:23:48 label:24
path:./subject7/blue/class24/r1 depth:sk_depth:23:56 label:24
path:./subject7/blue/class24/r2 depth:sk_depth:21:57 label:24
path:./subject7/blue/class24/r3 depth:sk_depth:21:58 label:24
path:./subject7/blue/class24/r4 depth:sk_depth:20:52 label:24
path:./subject7/blue/class25/r0 depth:sk_depth:23:55 label:25
path:./subject7/blue/class25/r1 depth:sk_depth:23:53 label:25
path:./subject7/blue/class25/r2 depth:sk_depth:21:44 label:25
path:./subject7/blue/class25/r3 depth:sk_depth:22:52 label:25
path:./subject7/blue/class25/r4 depth:sk_depth:26:62 label:25
path:./subject7/blue/class26/r0 depth:sk_depth:41:81 label:26
path:./subject7/blue/class26/r1 depth:sk_depth:39:64 label:26
path:./subject7/blue/class26/r2 depth:sk_depth:32:48 label:26
path:./subject7/blue/class26/r3 depth:sk_depth:35:58 label:26
path:./subject7/blue/class26/r4 depth:sk_depth:39:54 label:26
path:./subject7/blue/class27/r0 depth:sk_depth:24:28 label:27
path:./subject7/blue/class27/r1 depth:sk_depth:32:45 label:27
path:./subject7/blue/class27/r2 depth:sk_depth:31:56 label:27
path:./subject7/blue/class27/r3 depth:sk_depth:45:65 label:27
path:./subject7/blue/class27/r4 depth:sk_depth:37:64 label:27
path:./subject7/white/class1/r0 depth:sk_depth:23:52 label:1
path:./subject7/white/class1/r1 depth:sk_depth:11:36 label:1
path:./subject7/white/class1/r2 depth:sk_depth:17:53 label:1
path:./subject7/white/class1/r3 depth:sk_depth:21:51 label:1
path:./subject7/white/class1/r4 depth:sk_depth:21:50 label:1
path:./subject7/white/class2/r0 depth:sk_depth:24:49 label:2
path:./subject7/white/class2/r1 depth:sk_depth:31:62 label:2
path:./subject7/white/class2/r2 depth:sk_depth:24:47 label:2
path:./subject7/white/class2/r3 depth:sk_depth:33:56 label:2
path:./subject7/white/class2/r4 depth:sk_depth:27:50 label:2
path:./subject7/white/class3/r0 depth:sk_depth:19:44 label:3
path:./subject7/white/class3/r1 depth:sk_depth:21:50 label:3
path:./subject7/white/class3/r2 depth:sk_depth:19:54 label:3
path:./subject7/white/class3/r3 depth:sk_depth:14:45 label:3
path:./subject7/white/class3/r4 depth:sk_depth:19:52 label:3
path:./subject7/white/class4/r0 depth:sk_depth:23:50 label:4
path:./subject7/white/class4/r1 depth:sk_depth:22:42 label:4
path:./subject7/white/class4/r2 depth:sk_depth:28:56 label:4
path:./subject7/white/class4/r3 depth:sk_depth:23:63 label:4
path:./subject7/white/class4/r4 depth:sk_depth:33:64 label:4
path:./subject7/white/class5/r0 depth:sk_depth:15:43 label:5
path:./subject7/white/class5/r1 depth:sk_depth:20:56 label:5
path:./subject7/white/class5/r2 depth:sk_depth:19:42 label:5
path:./subject7/white/class5/r3 depth:sk_depth:20:41 label:5
path:./subject7/white/class5/r4 depth:sk_depth:20:41 label:5
path:./subject7/white/class6/r0 depth:sk_depth:20:48 label:6
path:./subject7/white/class6/r1 depth:sk_depth:18:45 label:6
path:./subject7/white/class6/r2 depth:sk_depth:24:56 label:6
path:./subject7/white/class6/r3 depth:sk_depth:27:49 label:6
path:./subject7/white/class6/r4 depth:sk_depth:24:39 label:6
path:./subject7/white/class7/r0 depth:sk_depth:19:39 label:7
path:./subject7/white/class7/r1 depth:sk_depth:17:41 label:7
path:./subject7/white/class7/r2 depth:sk_depth:24:50 label:7
path:./subject7/white/class7/r3 depth:sk_depth:24:45 label:7
path:./subject7/white/class7/r4 depth:sk_depth:19:49 label:7
path:./subject7/white/class8/r0 depth:sk_depth:21:49 label:8
path:./subject7/white/class8/r1 depth:sk_depth:27:57 label:8
path:./subject7/white/class8/r2 depth:sk_depth:25:52 label:8
path:./subject7/white/class8/r3 depth:sk_depth:29:56 label:8
path:./subject7/white/class8/r4 depth:sk_depth:23:45 label:8
path:./subject7/white/class9/r0 depth:sk_depth:21:52 label:9
path:./subject7/white/class9/r1 depth:sk_depth:20:44 label:9
path:./subject7/white/class9/r2 depth:sk_depth:29:50 label:9
path:./subject7/white/class9/r3 depth:sk_depth:20:40 label:9
path:./subject7/white/class9/r4 depth:sk_depth:25:63 label:9
path:./subject7/white/class10/r0 depth:sk_depth:18:51 label:10
path:./subject7/white/class10/r1 depth:sk_depth:22:54 label:10
path:./subject7/white/class10/r2 depth:sk_depth:20:44 label:10
path:./subject7/white/class10/r3 depth:sk_depth:21:45 label:10
path:./subject7/white/class10/r4 depth:sk_depth:21:50 label:10
path:./subject7/white/class11/r0 depth:sk_depth:15:37 label:11
path:./subject7/white/class11/r1 depth:sk_depth:22:51 label:11
path:./subject7/white/class11/r2 depth:sk_depth:18:52 label:11
path:./subject7/white/class11/r3 depth:sk_depth:21:53 label:11
path:./subject7/white/class11/r4 depth:sk_depth:20:48 label:11
path:./subject7/white/class12/r0 depth:sk_depth:13:43 label:12
path:./subject7/white/class12/r1 depth:sk_depth:12:52 label:12
path:./subject7/white/class12/r2 depth:sk_depth:16:56 label:12
path:./subject7/white/class12/r3 depth:sk_depth:8:39 label:12
path:./subject7/white/class12/r4 depth:sk_depth:12:52 label:12
path:./subject7/white/class13/r0 depth:sk_depth:15:45 label:13
path:./subject7/white/class13/r1 depth:sk_depth:18:47 label:13
path:./subject7/white/class13/r2 depth:sk_depth:20:48 label:13
path:./subject7/white/class13/r3 depth:sk_depth:23:59 label:13
path:./subject7/white/class13/r4 depth:sk_depth:20:60 label:13
path:./subject7/white/class14/r0 depth:sk_depth:23:55 label:14
path:./subject7/white/class14/r1 depth:sk_depth:25:60 label:14
path:./subject7/white/class14/r2 depth:sk_depth:36:69 label:14
path:./subject7/white/class14/r3 depth:sk_depth:23:55 label:14
path:./subject7/white/class14/r4 depth:sk_depth:29:60 label:14
path:./subject7/white/class15/r0 depth:sk_depth:29:54 label:15
path:./subject7/white/class15/r1 depth:sk_depth:22:55 label:15
path:./subject7/white/class15/r2 depth:sk_depth:24:60 label:15
path:./subject7/white/class15/r3 depth:sk_depth:27:59 label:15
path:./subject7/white/class15/r4 depth:sk_depth:40:80 label:15
path:./subject7/white/class16/r0 depth:sk_depth:24:52 label:16
path:./subject7/white/class16/r1 depth:sk_depth:22:50 label:16
path:./subject7/white/class16/r2 depth:sk_depth:19:45 label:16
path:./subject7/white/class16/r3 depth:sk_depth:20:46 label:16
path:./subject7/white/class16/r4 depth:sk_depth:20:60 label:16
path:./subject7/white/class17/r0 depth:sk_depth:23:53 label:17
path:./subject7/white/class17/r1 depth:sk_depth:19:53 label:17
path:./subject7/white/class17/r2 depth:sk_depth:21:54 label:17
path:./subject7/white/class17/r3 depth:sk_depth:29:59 label:17
path:./subject7/white/class17/r4 depth:sk_depth:28:63 label:17
path:./subject7/white/class18/r0 depth:sk_depth:22:46 label:18
path:./subject7/white/class18/r1 depth:sk_depth:16:41 label:18
path:./subject7/white/class18/r2 depth:sk_depth:24:53 label:18
path:./subject7/white/class18/r3 depth:sk_depth:25:58 label:18
path:./subject7/white/class18/r4 depth:sk_depth:28:50 label:18
path:./subject7/white/class19/r0 depth:sk_depth:16:43 label:19
path:./subject7/white/class19/r1 depth:sk_depth:10:31 label:19
path:./subject7/white/class19/r2 depth:sk_depth:12:43 label:19
path:./subject7/white/class19/r3 depth:sk_depth:19:54 label:19
path:./subject7/white/class19/r4 depth:sk_depth:20:52 label:19
path:./subject7/white/class20/r0 depth:sk_depth:40:80 label:20
path:./subject7/white/class20/r1 depth:sk_depth:11:51 label:20
path:./subject7/white/class20/r2 depth:sk_depth:25:65 label:20
path:./subject7/white/class20/r3 depth:sk_depth:31:71 label:20
path:./subject7/white/class20/r4 depth:sk_depth:27:67 label:20
path:./subject7/white/class21/r0 depth:sk_depth:25:65 label:21
path:./subject7/white/class21/r1 depth:sk_depth:29:69 label:21
path:./subject7/white/class21/r2 depth:sk_depth:23:63 label:21
path:./subject7/white/class21/r3 depth:sk_depth:32:72 label:21
path:./subject7/white/class21/r4 depth:sk_depth:20:55 label:21
path:./subject7/white/class22/r0 depth:sk_depth:19:47 label:22
path:./subject7/white/class22/r1 depth:sk_depth:19:50 label:22
path:./subject7/white/class22/r2 depth:sk_depth:18:48 label:22
path:./subject7/white/class22/r3 depth:sk_depth:20:52 label:22
path:./subject7/white/class22/r4 depth:sk_depth:17:45 label:22
path:./subject7/white/class23/r0 depth:sk_depth:30:61 label:23
path:./subject7/white/class23/r1 depth:sk_depth:33:58 label:23
path:./subject7/white/class23/r2 depth:sk_depth:18:58 label:23
path:./subject7/white/class23/r3 depth:sk_depth:29:69 label:23
path:./subject7/white/class23/r4 depth:sk_depth:18:47 label:23
path:./subject7/white/class24/r0 depth:sk_depth:20:60 label:24
path:./subject7/white/class24/r1 depth:sk_depth:21:41 label:24
path:./subject7/white/class24/r2 depth:sk_depth:22:49 label:24
path:./subject7/white/class24/r3 depth:sk_depth:29:46 label:24
path:./subject7/white/class24/r4 depth:sk_depth:35:75 label:24
path:./subject7/white/class25/r0 depth:sk_depth:16:47 label:25
path:./subject7/white/class25/r1 depth:sk_depth:20:41 label:25
path:./subject7/white/class25/r2 depth:sk_depth:15:44 label:25
path:./subject7/white/class25/r3 depth:sk_depth:26:66 label:25
path:./subject7/white/class25/r4 depth:sk_depth:25:65 label:25
path:./subject7/white/class26/r0 depth:sk_depth:27:51 label:26
path:./subject7/white/class26/r1 depth:sk_depth:23:49 label:26
path:./subject7/white/class26/r2 depth:sk_depth:29:48 label:26
path:./subject7/white/class26/r3 depth:sk_depth:24:48 label:26
path:./subject7/white/class26/r4 depth:sk_depth:20:45 label:26
path:./subject7/white/class27/r0 depth:sk_depth:23:44 label:27
path:./subject7/white/class27/r1 depth:sk_depth:29:58 label:27
path:./subject7/white/class27/r2 depth:sk_depth:21:49 label:27
path:./subject7/white/class27/r3 depth:sk_depth:23:51 label:27
path:./subject7/white/class27/r4 depth:sk_depth:19:45 label:27